Component: ARM Compiler 5.06 update 6 (build 750) Tool: armlink [4d35ed]

==============================================================================

Section Cross References

    startup_stm32f401xc.o(RESET) refers to startup_stm32f401xc.o(STACK) for __initial_sp
    startup_stm32f401xc.o(RESET) refers to startup_stm32f401xc.o(.text) for Reset_Handler
    startup_stm32f401xc.o(RESET) refers to stm32f4xx_it.o(i.NMI_Handler) for NMI_Handler
    startup_stm32f401xc.o(RESET) refers to stm32f4xx_it.o(i.HardFault_Handler) for HardFault_Handler
    startup_stm32f401xc.o(RESET) refers to stm32f4xx_it.o(i.MemManage_Handler) for MemManage_Handler
    startup_stm32f401xc.o(RESET) refers to stm32f4xx_it.o(i.BusFault_Handler) for BusFault_Handler
    startup_stm32f401xc.o(RESET) refers to stm32f4xx_it.o(i.UsageFault_Handler) for UsageFault_Handler
    startup_stm32f401xc.o(RESET) refers to stm32f4xx_it.o(i.SVC_Handler) for SVC_Handler
    startup_stm32f401xc.o(RESET) refers to stm32f4xx_it.o(i.DebugMon_Handler) for DebugMon_Handler
    startup_stm32f401xc.o(RESET) refers to stm32f4xx_it.o(i.PendSV_Handler) for PendSV_Handler
    startup_stm32f401xc.o(RESET) refers to stm32f4xx_it.o(i.SysTick_Handler) for SysTick_Handler
    startup_stm32f401xc.o(RESET) refers to stm32f4xx_it.o(i.EXTI9_5_IRQHandler) for EXTI9_5_IRQHandler
    startup_stm32f401xc.o(RESET) refers to stm32f4xx_it.o(i.TIM1_BRK_TIM9_IRQHandler) for TIM1_BRK_TIM9_IRQHandler
    startup_stm32f401xc.o(RESET) refers to stm32f4xx_it.o(i.TIM4_IRQHandler) for TIM4_IRQHandler
    startup_stm32f401xc.o(RESET) refers to stm32f4xx_it.o(i.USART1_IRQHandler) for USART1_IRQHandler
    startup_stm32f401xc.o(RESET) refers to stm32f4xx_it.o(i.TIM5_IRQHandler) for TIM5_IRQHandler
    startup_stm32f401xc.o(RESET) refers to stm32f4xx_it.o(i.DMA2_Stream0_IRQHandler) for DMA2_Stream0_IRQHandler
    startup_stm32f401xc.o(RESET) refers to stm32f4xx_it.o(i.DMA2_Stream3_IRQHandler) for DMA2_Stream3_IRQHandler
    startup_stm32f401xc.o(RESET) refers to stm32f4xx_it.o(i.DMA2_Stream5_IRQHandler) for DMA2_Stream5_IRQHandler
    startup_stm32f401xc.o(RESET) refers to stm32f4xx_it.o(i.DMA2_Stream7_IRQHandler) for DMA2_Stream7_IRQHandler
    startup_stm32f401xc.o(RESET) refers to stm32f4xx_it.o(i.FPU_IRQHandler) for FPU_IRQHandler
    startup_stm32f401xc.o(.text) refers to system_stm32f4xx.o(i.SystemInit) for SystemInit
    startup_stm32f401xc.o(.text) refers to entry.o(.ARM.Collect$$$$00000000) for __main
    oled_gfx.o(i._ZN8OLED_GFX10Draw_LineSEPsh) refers to oled_driver.o(i._ZN11OLED_Driver10Draw_PixelEll) for OLED_Driver::Draw_Pixel(long, long)
    oled_gfx.o(i._ZN8OLED_GFX10Draw_LineSEPsh) refers to oled_gfx.o(i._ZN8OLED_GFX9Draw_LineEssss) for OLED_GFX::Draw_Line(short, short, short, short)
    oled_gfx.o(i._ZN8OLED_GFX10Draw_LineSEPsht) refers to oled_driver.o(i._ZN11OLED_Driver10Draw_PixelEllt) for OLED_Driver::Draw_Pixel(long, long, unsigned short)
    oled_gfx.o(i._ZN8OLED_GFX10Draw_LineSEPsht) refers to oled_gfx.o(i._ZN8OLED_GFX9Draw_LineEsssst) for OLED_GFX::Draw_Line(short, short, short, short, unsigned short)
    oled_gfx.o(i._ZN8OLED_GFX10Write_LineEssss) refers to oled_driver.o(i._ZN11OLED_Driver10Draw_PixelEll) for OLED_Driver::Draw_Pixel(long, long)
    oled_gfx.o(i._ZN8OLED_GFX10Write_LineEsssst) refers to oled_driver.o(i._ZN11OLED_Driver10Draw_PixelEllt) for OLED_Driver::Draw_Pixel(long, long, unsigned short)
    oled_gfx.o(i._ZN8OLED_GFX11Draw_CircleEsss) refers to oled_driver.o(i._ZN11OLED_Driver10Draw_PixelEll) for OLED_Driver::Draw_Pixel(long, long)
    oled_gfx.o(i._ZN8OLED_GFX11Draw_CircleEsssht) refers to oled_driver.o(i._ZN11OLED_Driver10Draw_PixelEllt) for OLED_Driver::Draw_Pixel(long, long, unsigned short)
    oled_gfx.o(i._ZN8OLED_GFX11Draw_CircleEssst) refers to oled_driver.o(i._ZN11OLED_Driver10Draw_PixelEllt) for OLED_Driver::Draw_Pixel(long, long, unsigned short)
    oled_gfx.o(i._ZN8OLED_GFX11Fill_CircleEsss) refers to oled_driver.o(i._ZN11OLED_Driver14Draw_FastVLineEsss) for OLED_Driver::Draw_FastVLine(short, short, short)
    oled_gfx.o(i._ZN8OLED_GFX11Fill_CircleEsss) refers to oled_gfx.o(i._ZN8OLED_GFX17FillCircle_HelperEssshs) for OLED_GFX::FillCircle_Helper(short, short, short, unsigned char, short)
    oled_gfx.o(i._ZN8OLED_GFX11Fill_CircleEssst) refers to oled_driver.o(i._ZN11OLED_Driver14Draw_FastVLineEssst) for OLED_Driver::Draw_FastVLine(short, short, short, unsigned short)
    oled_gfx.o(i._ZN8OLED_GFX11Fill_CircleEssst) refers to oled_gfx.o(i._ZN8OLED_GFX17FillCircle_HelperEssshst) for OLED_GFX::FillCircle_Helper(short, short, short, unsigned char, short, unsigned short)
    oled_gfx.o(i._ZN8OLED_GFX12Set_FontSizeE9FONT_SIZE) refers to oled_gfx.o(.data) for .data
    oled_gfx.o(i._ZN8OLED_GFX12print_StringEhhPKh9FONT_SIZE) refers to oled_gfx.o(.data) for .data
    oled_gfx.o(i._ZN8OLED_GFX13Draw_TriangleEssssss) refers to oled_gfx.o(i._ZN8OLED_GFX9Draw_LineEssss) for OLED_GFX::Draw_Line(short, short, short, short)
[...]
    HAL_SYSTICK_Config                       0x08002e01   Thumb Code    40  stm32f4xx_hal_cortex.o(i.HAL_SYSTICK_Config)
    HAL_TIMEx_BreakCallback                  0x08002e29   Thumb Code     2  stm32f4xx_hal_tim_ex.o(i.HAL_TIMEx_BreakCallback)
    HAL_TIMEx_CommutCallback                 0x08002e2b   Thumb Code     2  stm32f4xx_hal_tim_ex.o(i.HAL_TIMEx_CommutCallback)
    HAL_TIMEx_MasterConfigSynchronization    0x08002e2d   Thumb Code   104  stm32f4xx_hal_tim_ex.o(i.HAL_TIMEx_MasterConfigSynchronization)
    HAL_TIM_Base_Init                        0x08002ea9   Thumb Code    54  stm32f4xx_hal_tim.o(i.HAL_TIM_Base_Init)
    HAL_TIM_Base_MspInit                     0x08002ee1   Thumb Code   148  tim.o(i.HAL_TIM_Base_MspInit)
    HAL_TIM_Base_Start                       0x08002f89   Thumb Code    36  stm32f4xx_hal_tim.o(i.HAL_TIM_Base_Start)
    HAL_TIM_Base_Start_IT                    0x08002fad   Thumb Code    34  stm32f4xx_hal_tim.o(i.HAL_TIM_Base_Start_IT)
    HAL_TIM_Base_Stop                        0x08002fcf   Thumb Code    44  stm32f4xx_hal_tim.o(i.HAL_TIM_Base_Stop)
    HAL_TIM_Base_Stop_IT                     0x08002ffb   Thumb Code    42  stm32f4xx_hal_tim.o(i.HAL_TIM_Base_Stop_IT)
    HAL_TIM_ConfigClockSource                0x08003025   Thumb Code   214  stm32f4xx_hal_tim.o(i.HAL_TIM_ConfigClockSource)
    HAL_TIM_IC_CaptureCallback               0x080030fb   Thumb Code     2  stm32f4xx_hal_tim.o(i.HAL_TIM_IC_CaptureCallback)
    HAL_TIM_IRQHandler                       0x080030fd   Thumb Code   358  stm32f4xx_hal_tim.o(i.HAL_TIM_IRQHandler)
    HAL_TIM_OC_DelayElapsedCallback          0x08003263   Thumb Code     2  stm32f4xx_hal_tim.o(i.HAL_TIM_OC_DelayElapsedCallback)
    HAL_TIM_PWM_PulseFinishedCallback        0x08003265   Thumb Code     2  stm32f4xx_hal_tim.o(i.HAL_TIM_PWM_PulseFinishedCallback)
    HAL_TIM_PeriodElapsedCallback            0x08003269   Thumb Code   308  main.o(i.HAL_TIM_PeriodElapsedCallback)
    HAL_TIM_TriggerCallback                  0x080033b9   Thumb Code     2  stm32f4xx_hal_tim.o(i.HAL_TIM_TriggerCallback)
    HAL_UART_DMAStop                         0x080033bb   Thumb Code    88  stm32f4xx_hal_uart.o(i.HAL_UART_DMAStop)
    HAL_UART_ErrorCallback                   0x08003413   Thumb Code     2  stm32f4xx_hal_uart.o(i.HAL_UART_ErrorCallback)
    HAL_UART_IRQHandler                      0x08003415   Thumb Code   270  stm32f4xx_hal_uart.o(i.HAL_UART_IRQHandler)
    HAL_UART_Init                            0x08003529   Thumb Code    98  stm32f4xx_hal_uart.o(i.HAL_UART_Init)
    HAL_UART_MspInit                         0x0800358d   Thumb Code   214  usart.o(i.HAL_UART_MspInit)
    HAL_UART_Receive_DMA                     0x08003679   Thumb Code   138  stm32f4xx_hal_uart.o(i.HAL_UART_Receive_DMA)
    HAL_UART_RxCpltCallback                  0x08003711   Thumb Code     2  stm32f4xx_hal_uart.o(i.HAL_UART_RxCpltCallback)
    HAL_UART_RxHalfCpltCallback              0x08003713   Thumb Code     2  stm32f4xx_hal_uart.o(i.HAL_UART_RxHalfCpltCallback)
    HAL_UART_Transmit                        0x08003715   Thumb Code   186  stm32f4xx_hal_uart.o(i.HAL_UART_Transmit)
    HAL_UART_TxCpltCallback                  0x080037cf   Thumb Code     2  stm32f4xx_hal_uart.o(i.HAL_UART_TxCpltCallback)
    HardFault_Handler                        0x080037d1   Thumb Code     2  stm32f4xx_it.o(i.HardFault_Handler)
    MX_ADC1_Init                             0x080037d5   Thumb Code    88  adc.o(i.MX_ADC1_Init)
    MX_DMA_Init                              0x08003835   Thumb Code    88  dma.o(i.MX_DMA_Init)
    MX_GPIO_Init                             0x08003891   Thumb Code   270  gpio.o(i.MX_GPIO_Init)
    MX_SPI1_Init                             0x080039b5   Thumb Code    62  spi.o(i.MX_SPI1_Init)
    MX_TIM3_Init                             0x080039fd   Thumb Code    94  tim.o(i.MX_TIM3_Init)
    MX_TIM4_Init                             0x08003a65   Thumb Code    96  tim.o(i.MX_TIM4_Init)
    MX_TIM5_Init                             0x08003acd   Thumb Code    94  tim.o(i.MX_TIM5_Init)
    MX_TIM9_Init                             0x08003b35   Thumb Code    72  tim.o(i.MX_TIM9_Init)
    MX_USART1_UART_Init                      0x08003b85   Thumb Code    48  usart.o(i.MX_USART1_UART_Init)
    MemManage_Handler                        0x08003bbd   Thumb Code     2  stm32f4xx_it.o(i.MemManage_Handler)
    NMI_Handler                              0x08003bbf   Thumb Code     2  stm32f4xx_it.o(i.NMI_Handler)
    PendSV_Handler                           0x08003bc1   Thumb Code     2  stm32f4xx_it.o(i.PendSV_Handler)
    Recvcmd                                  0x08003bc5   Thumb Code   170  usart.o(i.Recvcmd)
    SVC_Handler                              0x08003c85   Thumb Code     2  stm32f4xx_it.o(i.SVC_Handler)
    SendCommand                              0x08003c89   Thumb Code   154  usart.o(i.SendCommand)
    SysTick_Handler                          0x08003d31   Thumb Code     4  stm32f4xx_it.o(i.SysTick_Handler)
    SystemInit                               0x08003d35   Thumb Code    66  system_stm32f4xx.o(i.SystemInit)
    TIM1_BRK_TIM9_IRQHandler                 0x08003d89   Thumb Code     6  stm32f4xx_it.o(i.TIM1_BRK_TIM9_IRQHandler)
    TIM4_IRQHandler                          0x08003d95   Thumb Code     6  stm32f4xx_it.o(i.TIM4_IRQHandler)
    TIM5_IRQHandler                          0x08003da1   Thumb Code     6  stm32f4xx_it.o(i.TIM5_IRQHandler)
    TIM_Base_SetConfig                       0x08003dad   Thumb Code   122  stm32f4xx_hal_tim.o(i.TIM_Base_SetConfig)
    TIM_ETR_SetConfig                        0x08003e45   Thumb Code    20  stm32f4xx_hal_tim.o(i.TIM_ETR_SetConfig)
    Tranfcmd                                 0x08003e59   Thumb Code   164  usart.o(i.Tranfcmd)
    USART1_IRQHandler                        0x08003f11   Thumb Code    98  stm32f4xx_it.o(i.USART1_IRQHandler)
    UsageFault_Handler                       0x08003f8d   Thumb Code     2  stm32f4xx_it.o(i.UsageFault_Handler)
    KeyProcess()                             0x08003f91   Thumb Code   130  main.o(i._Z10KeyProcessv)
    MainSysRun()                             0x0800401d   Thumb Code   430  main.o(i._Z10MainSysRunv)
    SetCurrent(unsigned char, float)         0x080041d5   Thumb Code    16  motion.o(i._Z10SetCurrenthf)
    DampAutoPos(unsigned char)               0x080041e9   Thumb Code   160  motion.o(i._Z11DampAutoPosh)
    GetPowerMag()                            0x0800428d   Thumb Code   138  main.o(i._Z11GetPowerMagv)
    Time_Handle()                            0x08004331   Thumb Code   376  ds3231.o(i._Z11Time_Handlev)
    STMFLASH_Read(unsigned, unsigned*, unsigned) 0x080045dd   Thumb Code    20  stmflash.o(i._Z13STMFLASH_ReadjPjj)
    DS3231_SetUart()                         0x080045f1   Thumb Code   142  ds3231.o(i._Z14DS3231_SetUartv)
    IIC_Read_Byte1()                         0x08004689   Thumb Code   100  i2c.o(i._Z14IIC_Read_Byte1v)
    IIC_Write_Byte(unsigned char)            0x080046f1   Thumb Code   142  i2c.o(i._Z14IIC_Write_Byteh)
    STMFLASH_Write(unsigned, unsigned*, unsigned) 0x08004785   Thumb Code   146  stmflash.o(i._Z14STMFLASH_WritejPjj)
    DS3231_Time_Init(unsigned char*)         0x0800481d   Thumb Code    34  ds3231.o(i._Z16DS3231_Time_InitPh)
    DS3231_Write_Byte(unsigned char, unsigned char) 0x0800483f   Thumb Code    38  ds3231.o(i._Z17DS3231_Write_Bytehh)
    SystemClock_Config()                     0x08004865   Thumb Code   122  main.o(i._Z18SystemClock_Configv)
    DS3231_ReadWrite_Time(unsigned char)     0x080048e9   Thumb Code   142  ds3231.o(i._Z21DS3231_ReadWrite_Timeh)
    DS3231_Operate_Register(unsigned char, unsigned char*, unsigned char, unsigned char) 0x0800497d   Thumb Code   126  ds3231.o(i._Z23DS3231_Operate_RegisterhPhhh)
    STMFLASH_GetFlashSector(unsigned)        0x080049fd   Thumb Code    60  stmflash.o(i._Z23STMFLASH_GetFlashSectorj)
    module_pwr_exit_sleep_mode()             0x08004a51   Thumb Code    32  main.o(i._Z26module_pwr_exit_sleep_modev)
    module_pwr_enter_sleep_mode()            0x08004a7d   Thumb Code   150  main.o(i._Z27module_pwr_enter_sleep_modev)
    absl(int)                                0x08004b41   Thumb Code     8  motion.o(i._Z4absli)
    SDA_IN()                                 0x08004b49   Thumb Code    30  i2c.o(i._Z6SDA_INv)
    BCD2HEX(unsigned char)                   0x08004b6d   Thumb Code    18  ds3231.o(i._Z7BCD2HEXh)
    Delayms(unsigned short)                  0x08004b7f   Thumb Code    28  main.o(i._Z7Delaymst)
    HEX2BCD(unsigned char)                   0x08004b9b   Thumb Code    34  ds3231.o(i._Z7HEX2BCDh)
    IIC_Ack()                                0x08004bbd   Thumb Code    64  i2c.o(i._Z7IIC_Ackv)
    SDA_OUT()                                0x08004c01   Thumb Code    28  i2c.o(i._Z7SDA_OUTv)
    IIC_NAck()                               0x08004c21   Thumb Code    64  i2c.o(i._Z8IIC_NAckv)
    IIC_Stop()                               0x08004c65   Thumb Code    64  i2c.o(i._Z8IIC_Stopv)
    delay_us(unsigned short)                 0x08004ca9   Thumb Code    24  i2c.o(i._Z8delay_ust)
    IIC_Start()                              0x08004cc1   Thumb Code    64  i2c.o(i._Z9IIC_Startv)
    SetTarget(unsigned char, float)          0x08004d05   Thumb Code    16  motion.o(i._Z9SetTargethf)
    OLED_Driver::Calc_Color()                0x08004d19   Thumb Code   174  oled_driver.o(i._ZN11OLED_Driver10Calc_ColorEv)
    OLED_Driver::Draw_Pixel(long, long)      0x08004dcd   Thumb Code    42  oled_driver.o(i._ZN11OLED_Driver10Draw_PixelEll)
    OLED_Driver::Draw_Pixel(long, long, unsigned short) 0x08004e01   Thumb Code    40  oled_driver.o(i._ZN11OLED_Driver10Draw_PixelEllt)
    OLED_Driver::OLED_BFAny(int, int, int, int, unsigned char, const unsigned char*, unsigned short) 0x08004e2d   Thumb Code   120  oled_driver.o(i._ZN11OLED_Driver10OLED_BFAnyEiiiihPKht)
    OLED_Driver::OLED_BFAny(int, int, int, int, unsigned char, const unsigned char*, unsigned short, unsigned short) 0x08004ea5   Thumb Code   236  oled_driver.o(i._ZN11OLED_Driver10OLED_BFAnyEiiiihPKhtt)
    OLED_Driver::OLED_HFAny(int, int, int, int, unsigned char, const unsigned char*, unsigned short) 0x08004f91   Thumb Code   258  oled_driver.o(i._ZN11OLED_Driver10OLED_HFAnyEiiiihPKht)
    OLED_Driver::OLED_NF6x8(int, int, unsigned char, unsigned char) 0x08005095   Thumb Code   100  oled_driver.o(i._ZN11OLED_Driver10OLED_NF6x8Eiihh)
    OLED_Driver::Write_Data(unsigned char*, long) 0x080050fd   Thumb Code    74  oled_driver.o(i._ZN11OLED_Driver10Write_DataEPhl)
    OLED_Driver::Write_Data(unsigned char)   0x08005151   Thumb Code    62  oled_driver.o(i._ZN11OLED_Driver10Write_DataEh)
    OLED_Driver::Device_Init()               0x08005199   Thumb Code   292  oled_driver.o(i._ZN11OLED_Driver11Device_InitEv)
    OLED_Driver::Display_bmp(int, int, int, int, const unsigned char*) 0x080052c1   Thumb Code    74  oled_driver.o(i._ZN11OLED_Driver11Display_bmpEiiiiPKh)
    OLED_Driver::OLED_SBFAny(int, int, char*, int, unsigned short) 0x0800530d   Thumb Code   200  oled_driver.o(i._ZN11OLED_Driver11OLED_SBFAnyEiiPcit)
    OLED_Driver::OLED_SHFAny(int, int, char*, int, unsigned short) 0x080053e9   Thumb Code   162  oled_driver.o(i._ZN11OLED_Driver11OLED_SHFAnyEiiPcit)
    OLED_Driver::OLED_SNF6x8(int, int, char*) 0x0800549d   Thumb Code   144  oled_driver.o(i._ZN11OLED_Driver11OLED_SNF6x8EiiPc)
    OLED_Driver::RAM_Address()               0x0800552d   Thumb Code    46  oled_driver.o(i._ZN11OLED_Driver11RAM_AddressEv)
    OLED_Driver::RandomColor()               0x0800555b   Thumb Code    36  oled_driver.o(i._ZN11OLED_Driver11RandomColorEv)
    OLED_Driver::Clear_Screen()              0x08005581   Thumb Code    40  oled_driver.o(i._ZN11OLED_Driver12Clear_ScreenEv)
    OLED_Driver::Display_bbmp(int, int, int, int, const unsigned char*) 0x080055ad   Thumb Code   120  oled_driver.o(i._ZN11OLED_Driver12Display_bbmpEiiiiPKh)
    OLED_Driver::Display_bbmp(int, int, int, int, const unsigned char*, unsigned short) 0x08005625   Thumb Code   122  oled_driver.o(i._ZN11OLED_Driver12Display_bbmpEiiiiPKht)
    OLED_Driver::Display_hbmp(int, int, int, int, const unsigned char*, unsigned short) 0x0800569f   Thumb Code   242  oled_driver.o(i._ZN11OLED_Driver12Display_hbmpEiiiiPKht)
    OLED_Driver::Write_Command(unsigned char) 0x08005791   Thumb Code    62  oled_driver.o(i._ZN11OLED_Driver13Write_CommandEh)
    OLED_Driver::Draw_FastHLine(short, short, short) 0x080057d9   Thumb Code    30  oled_driver.o(i._ZN11OLED_Driver14Draw_FastHLineEsss)
    OLED_Driver::Draw_FastHLine(short, short, short, unsigned short) 0x080057f7   Thumb Code    38  oled_driver.o(i._ZN11OLED_Driver14Draw_FastHLineEssst)
    OLED_Driver::Draw_FastVLine(short, short, short) 0x0800581d   Thumb Code    30  oled_driver.o(i._ZN11OLED_Driver14Draw_FastVLineEsss)
    OLED_Driver::Draw_FastVLine(short, short, short, unsigned short) 0x0800583b   Thumb Code    38  oled_driver.o(i._ZN11OLED_Driver14Draw_FastVLineEssst)
    OLED_Driver::Refrash_Screen()            0x08005861   Thumb Code    32  oled_driver.o(i._ZN11OLED_Driver14Refrash_ScreenEv)
    OLED_Driver::WheelP(unsigned short)      0x08005885   Thumb Code    58  oled_driver.o(i._ZN11OLED_Driver6WheelPEt)
    OLED_Driver::SCR_reg(int, int)           0x080058bf   Thumb Code    24  oled_driver.o(i._ZN11OLED_Driver7SCR_regEii)
    OLED_Driver::WheelPw(unsigned short)     0x080058d7   Thumb Code    58  oled_driver.o(i._ZN11OLED_Driver7WheelPwEt)
    OLED_Driver::Set_Wheel(unsigned short)   0x08005911   Thumb Code    70  oled_driver.o(i._ZN11OLED_Driver9Set_WheelEt)
    OLED_Driver::OLED_Driver()               0x0800595d   Thumb Code     2  oled_driver.o(i._ZN11OLED_DriverC1Ev)
    OLED_Driver::OLED_Driver__sub_object()   0x0800595d   Thumb Code     0  oled_driver.o(i._ZN11OLED_DriverC1Ev)
    OLED_Animation::Motion_Mind()            0x08005961   Thumb Code   386  oled_animation.o(i._ZN14OLED_Animation11Motion_MindEv)
    OLED_Animation::OLED_Planet(unsigned char) 0x08005b05   Thumb Code    78  oled_animation.o(i._ZN14OLED_Animation11OLED_PlanetEh)
    OLED_Animation::OLED_MovMind(unsigned char) 0x08005b61   Thumb Code   120  oled_animation.o(i._ZN14OLED_Animation12OLED_MovMindEh)
    OLED_Animation::Motion_Circle()          0x08005bf1   Thumb Code   136  oled_animation.o(i._ZN14OLED_Animation13Motion_CircleEv)
    OLED_Animation::Motion_Planet()          0x08005c85   Thumb Code   482  oled_animation.o(i._ZN14OLED_Animation13Motion_PlanetEv)
    OLED_Animation::OLED_Triangle(unsigned char) 0x08005e91   Thumb Code   158  oled_animation.o(i._ZN14OLED_Animation13OLED_TriangleEh)
    OLED_Animation::OLED_FucCircle(unsigned char) 0x08005f39   Thumb Code   170  oled_animation.o(i._ZN14OLED_Animation14OLED_FucCircleEh)
    OLED_Animation::OLED_Movmeteor(unsigned char) 0x08005ff9   Thumb Code    62  oled_animation.o(i._ZN14OLED_Animation14OLED_MovmeteorEh)
    OLED_Animation::Motion_MindInit()        0x08006041   Thumb Code   216  oled_animation.o(i._ZN14OLED_Animation15Motion_MindInitEv)
    OLED_Animation::Motion_Triangle()        0x0800612d   Thumb Code  1184  oled_animation.o(i._ZN14OLED_Animation15Motion_TriangleEv)
    OLED_Animation::Motion_Movmeteor()       0x080065d9   Thumb Code   608  oled_animation.o(i._ZN14OLED_Animation16Motion_MovmeteorEv)
    OLED_Animation::Motion_Snowflake()       0x08006851   Thumb Code   464  oled_animation.o(i._ZN14OLED_Animation16Motion_SnowflakeEv)
    OLED_Animation::Motion_TriangleF()       0x08006a2d   Thumb Code  1162  oled_animation.o(i._ZN14OLED_Animation16Motion_TriangleFEv)
    OLED_Animation::Motion_CircleInit()      0x08006ec5   Thumb Code   124  oled_animation.o(i._ZN14OLED_Animation17Motion_CircleInitEv)
    OLED_Animation::Motion_PlanetInit()      0x08006f4d   Thumb Code   170  oled_animation.o(i._ZN14OLED_Animation17Motion_PlanetInitEv)
    OLED_Animation::OLED_MovSnowflake(unsigned char) 0x08007009   Thumb Code    86  oled_animation.o(i._ZN14OLED_Animation17OLED_MovSnowflakeEh)
    OLED_Animation::OLED_CustormMotion(unsigned char) 0x08007069   Thumb Code    58  oled_animation.o(i._ZN14OLED_Animation18OLED_CustormMotionEh)
    OLED_Animation::Motion_TriangleInit()    0x080070a9   Thumb Code   384  oled_animation.o(i._ZN14OLED_Animation19Motion_TriangleInitEv)
    OLED_Animation::OLED_AllMotion_Init()    0x08007241   Thumb Code    42  oled_animation.o(i._ZN14OLED_Animation19OLED_AllMotion_InitEv)
    OLED_Animation::Motion_MovmeteorInit()   0x0800726d   Thumb Code   170  oled_animation.o(i._ZN14OLED_Animation20Motion_MovmeteorInitEv)
    OLED_Animation::Motion_SnowflakeInit()   0x08007329   Thumb Code   122  oled_animation.o(i._ZN14OLED_Animation20Motion_SnowflakeInitEv)
    OLED_Animation::OLED_Animation()         0x080073b5   Thumb Code     2  oled_animation.o(i._ZN14OLED_AnimationC1Ev)
    OLED_Animation::OLED_Animation__sub_object() 0x080073b5   Thumb Code     0  oled_animation.o(i._ZN14OLED_AnimationC1Ev)
    OLED_UI::GAMEUI_Out()                    0x08007bfd   Thumb Code    34  oled_ui.o(i._ZN7OLED_UI10GAMEUI_OutEv)
    OLED_UI::HUIDataPrss()                   0x08007c25   Thumb Code     2  oled_ui.o(i._ZN7OLED_UI11HUIDataPrssEv)
    OLED_UI::HUIMainShow()                   0x08007c29   Thumb Code    46  oled_ui.o(i._ZN7OLED_UI11HUIMainShowEv)
    OLED_UI::MUIDataPrss()                   0x08007c69   Thumb Code     2  oled_ui.o(i._ZN7OLED_UI11MUIDataPrssEv)
    OLED_UI::MUIMainShow()                   0x08007c6d   Thumb Code   114  oled_ui.o(i._ZN7OLED_UI11MUIMainShowEv)
    OLED_UI::OLED_SLFAny(int, int, int, int, char*, int, unsigned short) 0x08007cf5   Thumb Code   178  oled_ui.o(i._ZN7OLED_UI11OLED_SLFAnyEiiiiPcit)
    OLED_UI::SUIDataPrss()                   0x08007dbd   Thumb Code     2  oled_ui.o(i._ZN7OLED_UI11SUIDataPrssEv)
    OLED_UI::SUIMainShow()                   0x08007dc1   Thumb Code   984  oled_ui.o(i._ZN7OLED_UI11SUIMainShowEv)
    OLED_UI::TUIDataPrss()                   0x08008205   Thumb Code   120  oled_ui.o(i._ZN7OLED_UI11TUIDataPrssEv)
    OLED_UI::TUIMainShow()                   0x08008285   Thumb Code   162  oled_ui.o(i._ZN7OLED_UI11TUIMainShowEv)
    OLED_UI::OLED_LFPixel(int, int, int, int, int, int, unsigned char, const unsigned char*, unsigned short) 0x08008341   Thumb Code   160  oled_ui.o(i._ZN7OLED_UI12OLED_LFPixelEiiiiiihPKht)
    OLED_UI::T1UIDataPrss()                  0x080083e1   Thumb Code   350  oled_ui.o(i._ZN7OLED_UI12T1UIDataPrssEv)
    OLED_UI::T1UIMainShow()                  0x08008565   Thumb Code   940  oled_ui.o(i._ZN7OLED_UI12T1UIMainShowEv)
    OLED_UI::T2UIDataPrss()                  0x08008939   Thumb Code   350  oled_ui.o(i._ZN7OLED_UI12T2UIDataPrssEv)
    OLED_UI::T2UIMainShow()                  0x08008ab9   Thumb Code  1080  oled_ui.o(i._ZN7OLED_UI12T2UIMainShowEv)
    OLED_UI::GAMEUIDataPrss()                0x08008ef1   Thumb Code     2  oled_ui.o(i._ZN7OLED_UI14GAMEUIDataPrssEv)
    OLED_UI::GAMEUIMainShow()                0x08008ef5   Thumb Code  1120  oled_ui.o(i._ZN7OLED_UI14GAMEUIMainShowEv)
    OLED_UI::HUI_In()                        0x08009355   Thumb Code    46  oled_ui.o(i._ZN7OLED_UI6HUI_InEv)
    OLED_UI::MUI_In()                        0x0800938d   Thumb Code    26  oled_ui.o(i._ZN7OLED_UI6MUI_InEv)
    OLED_UI::SUI_In()                        0x080093b1   Thumb Code   216  oled_ui.o(i._ZN7OLED_UI6SUI_InEv)
    OLED_UI::TUI_In()                        0x080094b9   Thumb Code    86  oled_ui.o(i._ZN7OLED_UI6TUI_InEv)
    OLED_UI::HUI_Out()                       0x0800951d   Thumb Code    34  oled_ui.o(i._ZN7OLED_UI7HUI_OutEv)
    OLED_UI::MUI_Out()                       0x08009545   Thumb Code     4  oled_ui.o(i._ZN7OLED_UI7MUI_OutEv)
    OLED_UI::SUI_Out()                       0x08009549   Thumb Code   126  oled_ui.o(i._ZN7OLED_UI7SUI_OutEv)
    OLED_UI::T1UI_In()                       0x080095e5   Thumb Code   310  oled_ui.o(i._ZN7OLED_UI7T1UI_InEv)
    OLED_UI::T2UI_In()                       0x08009765   Thumb Code   260  oled_ui.o(i._ZN7OLED_UI7T2UI_InEv)
    OLED_UI::TUI_Out()                       0x08009899   Thumb Code    34  oled_ui.o(i._ZN7OLED_UI7TUI_OutEv)
    OLED_UI::T1UI_Out()                      0x080098c1   Thumb Code   168  oled_ui.o(i._ZN7OLED_UI8T1UI_OutEv)
    OLED_UI::T2UI_Out()                      0x08009991   Thumb Code   138  oled_ui.o(i._ZN7OLED_UI8T2UI_OutEv)
    OLED_UI::GAMEUI_In()                     0x08009a39   Thumb Code    60  oled_ui.o(i._ZN7OLED_UI9GAMEUI_InEv)
    OLED_UI::OLED_UI()                       0x08009a79   Thumb Code    30  oled_ui.o(i._ZN7OLED_UIC1Ev)
    OLED_UI::OLED_UI__sub_object()           0x08009a9d   Thumb Code    38  oled_ui.o(i._ZN7OLED_UIC2Ev)
    OLED_FFT::Display_Style1()               0x08009ac9   Thumb Code   236  oled_fft.o(i._ZN8OLED_FFT14Display_Style1Ev)
    OLED_FFT::Display_Style2()               0x08009bcd   Thumb Code   420  oled_fft.o(i._ZN8OLED_FFT14Display_Style2Ev)
    OLED_FFT::Display_Style3()               0x08009d91   Thumb Code   426  oled_fft.o(i._ZN8OLED_FFT14Display_Style3Ev)
    OLED_FFT::Display_Style4()               0x08009f55   Thumb Code   224  oled_fft.o(i._ZN8OLED_FFT14Display_Style4Ev)
    OLED_FFT::Display_Style5()               0x0800a051   Thumb Code   248  oled_fft.o(i._ZN8OLED_FFT14Display_Style5Ev)
    OLED_FFT::Display_Style6()               0x0800a169   Thumb Code  2820  oled_fft.o(i._ZN8OLED_FFT14Display_Style6Ev)
    OLED_FFT::OLED_FFT()                     0x0800ac75   Thumb Code     2  oled_fft.o(i._ZN8OLED_FFTC1Ev)
    OLED_FFT::OLED_FFT__sub_object()         0x0800ac75   Thumb Code     0  oled_fft.o(i._ZN8OLED_FFTC1Ev)
    OLED_GFX::Draw_LineS(short*, unsigned char) 0x0800ac77   Thumb Code    86  oled_gfx.o(i._ZN8OLED_GFX10Draw_LineSEPsh)
    OLED_GFX::Draw_LineS(short*, unsigned char, unsigned short) 0x0800accd   Thumb Code    92  oled_gfx.o(i._ZN8OLED_GFX10Draw_LineSEPsht)
    OLED_GFX::Write_Line(short, short, short, short) 0x0800ad29   Thumb Code   174  oled_gfx.o(i._ZN8OLED_GFX10Write_LineEssss)
    OLED_GFX::Write_Line(short, short, short, short, unsigned short) 0x0800add7   Thumb Code   176  oled_gfx.o(i._ZN8OLED_GFX10Write_LineEsssst)
    OLED_GFX::Draw_Circle(short, short, short) 0x0800ae87   Thumb Code   306  oled_gfx.o(i._ZN8OLED_GFX11Draw_CircleEsss)
    OLED_GFX::Draw_Circle(short, short, short, unsigned char, unsigned short) 0x0800afb9   Thumb Code   364  oled_gfx.o(i._ZN8OLED_GFX11Draw_CircleEsssht)
    OLED_GFX::Draw_Circle(short, short, short, unsigned short) 0x0800b125   Thumb Code   330  oled_gfx.o(i._ZN8OLED_GFX11Draw_CircleEssst)
    OLED_GFX::Fill_Circle(short, short, short, unsigned short) 0x0800b26f   Thumb Code    62  oled_gfx.o(i._ZN8OLED_GFX11Fill_CircleEssst)
    OLED_GFX::Draw_Triangle(short, short, short, short, short, short, unsigned short) 0x0800b2ad   Thumb Code    64  oled_gfx.o(i._ZN8OLED_GFX13Draw_TriangleEsssssst)
    OLED_GFX::Fill_Triangle(short, short, short, short, short, short, unsigned short) 0x0800b2ed   Thumb Code   392  oled_gfx.o(i._ZN8OLED_GFX13Fill_TriangleEsssssst)
    OLED_GFX::FillCircle_Helper(short, short, short, unsigned char, short, unsigned short) 0x0800b475   Thumb Code   234  oled_gfx.o(i._ZN8OLED_GFX17FillCircle_HelperEssshst)
    OLED_GFX::Draw_Line(short, short, short, short) 0x0800b55f   Thumb Code    84  oled_gfx.o(i._ZN8OLED_GFX9Draw_LineEssss)
    OLED_GFX::Draw_Line(short, short, short, short, unsigned char, unsigned short) 0x0800b5b5   Thumb Code   512  oled_gfx.o(i._ZN8OLED_GFX9Draw_LineEssssht)
    OLED_GFX::Draw_Line(short, short, short, short, unsigned short) 0x0800b7b5   Thumb Code    84  oled_gfx.o(i._ZN8OLED_GFX9Draw_LineEsssst)
    OLED_GFX::Fill_Rect(unsigned short, unsigned short, unsigned short, unsigned short, unsigned short) 0x0800b809   Thumb Code   102  oled_gfx.o(i._ZN8OLED_GFX9Fill_RectEttttt)
    OLED_GFX::OLED_GFX()                     0x0800b871   Thumb Code    22  oled_gfx.o(i._ZN8OLED_GFXC1Ev)
    OLED_GFX::OLED_GFX__sub_object()         0x0800b88d   Thumb Code    32  oled_gfx.o(i._ZN8OLED_GFXC2Ev)
    std::cos(float)                          0x0800b8b5   Thumb Code     4  oled_fft.o(i._ZSt3cosf)
    std::sin(float)                          0x0800b8b9   Thumb Code     4  oled_fft.o(i._ZSt3sinf)
    __0printf                                0x0800b8bd   Thumb Code    22  printfa.o(i.__0printf)
    __1printf                                0x0800b8bd   Thumb Code     0  printfa.o(i.__0printf)
    __2printf                                0x0800b8bd   Thumb Code     0  printfa.o(i.__0printf)
    __c89printf                              0x0800b8bd   Thumb Code     0  printfa.o(i.__0printf)
    printf                                   0x0800b8bd   Thumb Code     0  printfa.o(i.__0printf)
    __0sprintf                               0x0800b8dd   Thumb Code    34  printfa.o(i.__0sprintf)
    __1sprintf                               0x0800b8dd   Thumb Code     0  printfa.o(i.__0sprintf)
    __2sprintf                               0x0800b8dd   Thumb Code     0  printfa.o(i.__0sprintf)
    __c89sprintf                             0x0800b8dd   Thumb Code     0  printfa.o(i.__0sprintf)
    sprintf                                  0x0800b8dd   Thumb Code     0  printfa.o(i.__0sprintf)
    __ARM_fpclassifyf                        0x0800b905   Thumb Code    38  fpclassifyf.o(i.__ARM_fpclassifyf)
    __hardfp_cosf                            0x0800b92d   Thumb Code   280  cosf.o(i.__hardfp_cosf)
    __hardfp_sinf                            0x0800ba7d   Thumb Code   344  sinf.o(i.__hardfp_sinf)
    __hardfp_sqrtf                           0x0800bc0d   Thumb Code    58  sqrtf.o(i.__hardfp_sqrtf)
    __mathlib_flt_infnan                     0x0800bc47   Thumb Code     6  funder.o(i.__mathlib_flt_infnan)
    __mathlib_flt_invalid                    0x0800bc4d   Thumb Code    10  funder.o(i.__mathlib_flt_invalid)
    __mathlib_flt_underflow                  0x0800bc5d   Thumb Code    10  funder.o(i.__mathlib_flt_underflow)
    __mathlib_rredf2                         0x0800bc6d   Thumb Code   316  rredf.o(i.__mathlib_rredf2)
    __scatterload_copy                       0x0800bdc1   Thumb Code    14  handlers.o(i.__scatterload_copy)
    __scatterload_null                       0x0800bdcf   Thumb Code     2  handlers.o(i.__scatterload_null)
    __scatterload_zeroinit                   0x0800bdd1   Thumb Code    14  handlers.o(i.__scatterload_zeroinit)
    __set_errno                              0x0800bde1   Thumb Code     6  errno.o(i.__set_errno)
    abs2                                     0x0800c6d1   Thumb Code     8  oled_fft.o(i.abs2)
    begin                                    0x0800c6d9   Thumb Code    60  oled_ui.o(i.begin)
    blue_click                               0x0800c72d   Thumb Code    18  oled_ui.o(i.blue_click)
    check                                    0x0800c745   Thumb Code    56  oled_ui.o(i.check)
    drache_cmd                               0x0800c785   Thumb Code    46  usart.o(i.drache_cmd)
    draw_obj                                 0x0800c7bd   Thumb Code   484  oled_ui.o(i.draw_obj)
    draw_player                              0x0800c9c1   Thumb Code   292  oled_ui.o(i.draw_player)
    fputc                                    0x0800cb01   Thumb Code    20  usart.o(i.fputc)
    main                                     0x0800cb19   Thumb Code   314  main.o(i.main)
    red_click                                0x0800cc81   Thumb Code    36  oled_ui.o(i.red_click)
    AHBPrescTable                            0x0801d548   Data          16  system_stm32f4xx.o(.constdata)
    APBPrescTable                            0x0801d558   Data           8  system_stm32f4xx.o(.constdata)
    VTT for OLED_UI                          0x0801d580   Data          12  oled_ui.o(.constdata__ZTV7OLED_UI)
    vtable for OLED_UI                       0x0801d58c   Data          16  oled_ui.o(.constdata__ZTV7OLED_UI)
    VTT for OLED_GFX                         0x0801d59c   Data           4  oled_gfx.o(.constdata__ZTV8OLED_GFX)
    vtable for OLED_GFX                      0x0801d5a0   Data          12  oled_gfx.o(.constdata__ZTV8OLED_GFX)
    Region$$Table$$Base                      0x0801d5ac   Number         0  anon$$obj.o(Region$$Table)
    Region$$Table$$Limit                     0x0801d5cc   Number         0  anon$$obj.o(Region$$Table)
    SHT$$INIT_ARRAY$$Base                    0x0801d5cc   Number         0  main.o(.init_array)
    SHT$$INIT_ARRAY$$Limit                   0x0801d5d0   Number         0  cpp_init.o(.init_array)
    Row                                      0x20000000   Data           1  oled_gfx.o(.data)
    Column                                   0x20000001   Data           1  oled_gfx.o(.data)
    Font_Size                                0x20000002   Data           1  oled_gfx.o(.data)
    dmasendflag                              0x2000001c   Data           1  oled_driver.o(.data)
    color_byte                               0x2000001e   Data           2  oled_driver.o(.data)
    color_Damp_byte                          0x20000020   Data           2  oled_driver.o(.data)
    wheel                                    0x20000022   Data           2  oled_driver.o(.data)
    color_now                                0x20000024   Data           2  oled_driver.o(.data)
    color_half                               0x20000026   Data           2  oled_driver.o(.data)
    color_min                                0x20000028   Data           2  oled_driver.o(.data)
    MindNum                                  0x2000002c   Data           1  oled_animation.o(.data)
    CircleNum                                0x2000002d   Data           1  oled_animation.o(.data)
    SnowflakeNum                             0x2000002e   Data           1  oled_animation.o(.data)
    MeteoNum                                 0x2000002f   Data           1  oled_animation.o(.data)
    PlanetNum                                0x20000030   Data           1  oled_animation.o(.data)
    TriangleNum                              0x20000031   Data           1  oled_animation.o(.data)
    movmeteorstep                            0x20000038   Data           4  oled_animation.o(.data)
    gamestatus                               0x20000040   Data           1  oled_ui.o(.data)
    status                                   0x20000042   Data           3  oled_ui.o(.data)
    highdistance                             0x20000048   Data           4  oled_ui.o(.data)
    hardspeed                                0x2000004c   Data           4  oled_ui.o(.data)
    delat                                    0x20000050   Data           4  oled_ui.o(.data)
    gametime                                 0x20000070   Data           8  oled_ui.o(.data)
    distance                                 0x20000078   Data           8  oled_ui.o(.data)
    obj                                      0x20000080   Data           8  oled_ui.o(.data)
    player                                   0x20000088   Data           8  oled_ui.o(.data)
    imageobj                                 0x20000090   Data         240  oled_ui.o(.data)
    DS3231_Init_Buf                          0x20000184   Data           7  ds3231.o(.data)
    DS3231_US_Buf                            0x2000018b   Data           7  ds3231.o(.data)
    Flag_Refrash                             0x20000194   Data           1  main.o(.data)
    showfpsflag                              0x20000196   Data           1  main.o(.data)
    sleepflag                                0x20000197   Data           1  main.o(.data)
    key1UpFlag                               0x20000198   Data           1  main.o(.data)
    key1_fall_flag                           0x20000199   Data           1  main.o(.data)
    short_key1_flag                          0x2000019a   Data           1  main.o(.data)
    key1_long_down                           0x2000019b   Data           1  main.o(.data)
    long_key1_flag                           0x2000019c   Data           1  main.o(.data)
    key2UpFlag                               0x2000019d   Data           1  main.o(.data)
    key2_fall_flag                           0x2000019e   Data           1  main.o(.data)
    short_key2_flag                          0x2000019f   Data           1  main.o(.data)
    key2_long_down                           0x200001a0   Data           1  main.o(.data)
    long_key2_flag                           0x200001a1   Data           1  main.o(.data)
    prt                                      0x200001a2   Data           1  main.o(.data)
    systemstatus                             0x200001a3   Data           1  main.o(.data)
    fft                                      0x200001a4   Data           1  main.o(.data)
    motion                                   0x200001a5   Data           1  main.o(.data)
    Display_Mode                             0x200001a6   Data           2  main.o(.data)
    Current_Mode                             0x200001a8   Data           2  main.o(.data)
    fps                                      0x200001aa   Data           2  main.o(.data)
    offlinecount                             0x200001ac   Data           2  main.o(.data)
    key1_holdon_ms                           0x200001b0   Data           4  main.o(.data)
    key1upCnt                                0x200001b4   Data           4  main.o(.data)
    key2_holdon_ms                           0x200001b8   Data           4  main.o(.data)
    key2upCnt                                0x200001bc   Data           4  main.o(.data)
    oled                                     0x200001c4   Data           4  main.o(.data)
    ui                                       0x200001c8   Data           4  main.o(.data)
    Uart_Overflow1_Flag                      0x200001cc   Data           1  usart.o(.data)
    SaveFlag                                 0x200001cd   Data           1  usart.o(.data)
    Device_Cmd                               0x200001ce   Data          26  usart.o(.data)
    Device_Name                              0x200001e8   Data          20  usart.o(.data)
    ReponseID                                0x200001fc   Data          40  usart.o(.data)
    Uart_Recv1_Length                        0x20000224   Data           2  usart.o(.data)
    uwTickFreq                               0x20000228   Data           1  stm32f4xx_hal.o(.data)
    uwTickPrio                               0x2000022c   Data           4  stm32f4xx_hal.o(.data)
    uwTick                                   0x20000230   Data           4  stm32f4xx_hal.o(.data)
    SystemCoreClock                          0x20000234   Data           4  system_stm32f4xx.o(.data)
    __stdout                                 0x2000023c   Data           4  stdout.o(.data)
    fall_pot                                 0x20000244   Data         250  oled_fft.o(.bss)
    flow_pot                                 0x2000033e   Data         250  oled_fft.o(.bss)
    SampPoint                                0x2000049c   Data        3072  oled_fft.o(.bss)
    OLED_GRAM                                0x2000109c   Data       40960  oled_driver.o(.bss)
    mtmovmind                                0x2000b09c   Data         336  oled_animation.o(.bss)
    mtcircle                                 0x2000b1ec   Data         160  oled_animation.o(.bss)
    mtsnowflake                              0x2000b28c   Data         320  oled_animation.o(.bss)
    mtmovmeteor                              0x2000b3cc   Data         560  oled_animation.o(.bss)
    mtplanet                                 0x2000b5fc   Data         140  oled_animation.o(.bss)
    mttriangle                               0x2000b688   Data         320  oled_animation.o(.bss)
    xpos                                     0x2000b82c   Data          20  oled_ui.o(.bss)
    ypos                                     0x2000b840   Data          20  oled_ui.o(.bss)
    xlength                                  0x2000b854   Data          20  oled_ui.o(.bss)
    tempchar                                 0x2000b868   Data          50  oled_ui.o(.bss)
    ds3231                                   0x2000b89a   Data         120  ds3231.o(.bss)
    pit                                      0x2000b914   Data         960  motion.o(.bss)
    adc_buf                                  0x2000bcd4   Data        1024  main.o(.bss)
    lBufMagArray                             0x2000c8d4   Data        1024  main.o(.bss)
    fpschar                                  0x2000ccd4   Data          20  main.o(.bss)
    hadc1                                    0x2000cce8   Data          72  adc.o(.bss)
    hdma_adc1                                0x2000cd30   Data          96  adc.o(.bss)
    hspi1                                    0x2000cd90   Data          88  spi.o(.bss)
    hdma_spi1_tx                             0x2000cde8   Data          96  spi.o(.bss)
    htim3                                    0x2000ce48   Data          64  tim.o(.bss)
    htim4                                    0x2000ce88   Data          64  tim.o(.bss)
    htim5                                    0x2000cec8   Data          64  tim.o(.bss)
    htim9                                    0x2000cf08   Data          64  tim.o(.bss)
    Uart_Recv1_Buf                           0x2000cf48   Data         250  usart.o(.bss)
    huart1                                   0x2000d044   Data          64  usart.o(.bss)
    hdma_usart1_rx                           0x2000d084   Data          96  usart.o(.bss)
    hdma_usart1_tx                           0x2000d0e4   Data          96  usart.o(.bss)
    Device_Msg                               0x2000d144   Data         362  usart.o(.bss)
    Device_Str                               0x2000d2ae   Data         120  usart.o(.bss)
    Device_NStr                              0x2000d326   Data         120  usart.o(.bss)
    Device_VStr                              0x2000d39e   Data         120  usart.o(.bss)
    Flash_SaveCMD                            0x2000d416   Data         128  usart.o(.bss)
    pFlash                                   0x2000d498   Data          32  stm32f4xx_hal_flash.o(.bss)
    __initial_sp                             0x2000d8b8   Data           0  startup_stm32f401xc.o(STACK)



==============================================================================

Memory Map of the image

  Image Entry point : 0x08000195

  Load Region LR_IROM1 (Base: 0x08000000, Size: 0x0001d814, Max: 0x00040000, ABSOLUTE, COMPRESSED[0x0001d648])

    Execution Region ER_IROM1 (Exec base: 0x08000000, Load base: 0x08000000, Size: 0x0001d5d0, Max: 0x00040000, ABSOLUTE)

    Exec Addr    Load Addr    Size         Type   Attr      Idx    E Section Name        Object

    0x08000000   0x08000000   0x00000194   Data   RO            3    RESET               startup_stm32f401xc.o
    0x08000194   0x08000194   0x00000000   Code   RO         6846  * .ARM.Collect$$$$00000000  mc_w.l(entry.o)
    0x08000194   0x08000194   0x00000004   Code   RO         7178    .ARM.Collect$$$$00000001  mc_w.l(entry2.o)
    0x08000198   0x08000198   0x00000004   Code   RO         7181    .ARM.Collect$$$$00000004  mc_w.l(entry5.o)
    0x0800019c   0x0800019c   0x00000000   Code   RO         7183    .ARM.Collect$$$$00000008  mc_w.l(entry7b.o)
    0x0800019c   0x0800019c   0x00000004   Code   RO         7184    .ARM.Collect$$$$00000009  mc_w.l(entry8a.o)
    0x080001a0   0x080001a0   0x00000000   Code   RO         7185    .ARM.Collect$$$$0000000A  mc_w.l(entry8b.o)
    0x080001a0   0x080001a0   0x00000008   Code   RO         7186    .ARM.Collect$$$$0000000B  mc_w.l(entry9a.o)
    0x080001a8   0x080001a8   0x00000000   Code   RO         7188    .ARM.Collect$$$$0000000D  mc_w.l(entry10a.o)
    0x080001a8   0x080001a8   0x00000000   Code   RO         7190    .ARM.Collect$$$$0000000F  mc_w.l(entry11a.o)
    0x080001a8   0x080001a8   0x00000004   Code   RO         7179    .ARM.Collect$$$$00002712  mc_w.l(entry2.o)
    0x080001ac   0x080001ac   0x00000024   Code   RO            4    .text               startup_stm32f401xc.o
    0x080001d0   0x080001d0   0x000005de   Code   RO         1477    .text               cr4_fft_256_stm32.o
    0x080007ae   0x080007ae   0x00000062   Code   RO         6849    .text               mc_w.l(uldiv.o)
    0x08000810   0x08000810   0x00000024   Code   RO         6853    .text               mc_w.l(rand.o)
    0x08000834   0x08000834   0x00000024   Code   RO         6856    .text               mc_w.l(memseta.o)
    0x08000858   0x08000858   0x0000000e   Code   RO         6858    .text               mc_w.l(strlen.o)
    0x08000866   0x08000866   0x00000002   PAD
    0x08000868   0x08000868   0x00000020   Code   RO         7126    .text               mc_w.l(cpp_init.o)
    0x08000888   0x08000888   0x0000014e   Code   RO         7128    .text               mf_w.l(dadd.o)
    0x080009d6   0x080009d6   0x000000e4   Code   RO         7130    .text               mf_w.l(dmul.o)
    0x08000aba   0x08000aba   0x000000de   Code   RO         7132    .text               mf_w.l(ddiv.o)
    0x08000b98   0x08000b98   0x0000001a   Code   RO         7136    .text               mf_w.l(dfltui.o)
    0x08000bb2   0x08000bb2   0x00000032   Code   RO         7138    .text               mf_w.l(dfixui.o)
    0x08000be4   0x08000be4   0x00000026   Code   RO         7140    .text               mf_w.l(f2d.o)
    0x08000c0a   0x08000c0a   0x00000002   PAD
    0x08000c0c   0x08000c0c   0x00000030   Code   RO         7142    .text               mf_w.l(cdcmple.o)
    0x08000c3c   0x08000c3c   0x00000038   Code   RO         7144    .text               mf_w.l(d2f.o)
    0x08000c74   0x08000c74   0x0000002c   Code   RO         7193    .text               mc_w.l(uidiv.o)
    0x08000ca0   0x08000ca0   0x0000001e   Code   RO         7195    .text               mc_w.l(llshl.o)
    0x08000cbe   0x08000cbe   0x00000020   Code   RO         7197    .text               mc_w.l(llushr.o)
    0x08000cde   0x08000cde   0x00000024   Code   RO         7199    .text               mc_w.l(llsshr.o)
    0x08000d02   0x08000d02   0x00000000   Code   RO         7208    .text               mc_w.l(iusefp.o)
    0x08000d02   0x08000d02   0x0000006e   Code   RO         7209    .text               mf_w.l(fepilogue.o)
    0x08000d70   0x08000d70   0x000000ba   Code   RO         7211    .text               mf_w.l(depilogue.o)
    0x08000e2a   0x08000e2a   0x00000030   Code   RO         7213    .text               mf_w.l(dfixul.o)
    0x08000e5a   0x08000e5a   0x00000002   PAD
    0x08000e5c   0x08000e5c   0x00000030   Code   RO         7215    .text               mf_w.l(cdrcmple.o)
    0x08000e8c   0x08000e8c   0x00000024   Code   RO         7230    .text               mc_w.l(init.o)
    0x08000eb0   0x08000eb0   0x00000056   Code   RO         7282    .text               mc_w.l(__dczerorl2.o)
    0x08000f06   0x08000f06   0x00000002   PAD
    0x08000f08   0x08000f08   0x0000023c   Code   RO         2717    i.AnalysisCommand   usart.o
    0x08001144   0x08001144   0x00000260   Code   RO         2718    i.AnalysisComputermsg  usart.o
    0x080013a4   0x080013a4   0x00000068   Code   RO         2720    i.AnalysisFFT       usart.o
    0x0800140c   0x0800140c   0x00000002   Code   RO         2905    i.BusFault_Handler  stm32f4xx_it.o
    0x0800140e   0x0800140e   0x00000002   PAD
    0x08001410   0x08001410   0x00000020   Code   RO         2721    i.ClearFFT          usart.o
    0x08001430   0x08001430   0x00000244   Code   RO         2722    i.ConvertData       usart.o
    0x08001674   0x08001674   0x0000000c   Code   RO         2906    i.DMA2_Stream0_IRQHandler  stm32f4xx_it.o
    0x08001680   0x08001680   0x00000074   Code   RO         2907    i.DMA2_Stream3_IRQHandler  stm32f4xx_it.o
    0x080016f4   0x080016f4   0x0000000c   Code   RO         2908    i.DMA2_Stream5_IRQHandler  stm32f4xx_it.o
    0x08001700   0x08001700   0x0000000c   Code   RO         2909    i.DMA2_Stream7_IRQHandler  stm32f4xx_it.o
    0x0800170c   0x0800170c   0x00000002   Code   RO         2910    i.DebugMon_Handler  stm32f4xx_it.o
    0x0800170e   0x0800170e   0x00000002   PAD
    0x08001710   0x08001710   0x00000054   Code   RO          891    i.Display_pbmp      oled_ui.o
    0x08001764   0x08001764   0x00000018   Code   RO         2911    i.EXTI9_5_IRQHandler  stm32f4xx_it.o
    0x0800177c   0x0800177c   0x00000002   Code   RO         2297    i.Error_Handler     main.o
    0x0800177e   0x0800177e   0x00000002   PAD
    0x08001780   0x08001780   0x00000044   Code   RO         2298    i.FFT_Pro           main.o
    0x080017c4   0x080017c4   0x00000024   Code   RO         2299    i.FFT_Start         main.o
    0x080017e8   0x080017e8   0x0000001c   Code   RO         2300    i.FFT_Stop          main.o
    0x08001804   0x08001804   0x00000050   Code   RO         3781    i.FLASH_Erase_Sector  stm32f4xx_hal_flash_ex.o
    0x08001854   0x08001854   0x00000054   Code   RO         3782    i.FLASH_FlushCaches  stm32f4xx_hal_flash_ex.o
    0x080018a8   0x080018a8   0x00000050   Code   RO         3646    i.FLASH_WaitForLastOperation  stm32f4xx_hal_flash.o
    0x080018f8   0x080018f8   0x00000002   Code   RO         2912    i.FPU_IRQHandler    stm32f4xx_it.o
    0x080018fa   0x080018fa   0x00000002   PAD
    0x080018fc   0x080018fc   0x0000014c   Code   RO         3086    i.HAL_ADC_ConfigChannel  stm32f4xx_hal_adc.o
    0x08001a48   0x08001a48   0x0000005c   Code   RO         2301    i.HAL_ADC_ConvCpltCallback  main.o
    0x08001aa4   0x08001aa4   0x00000002   Code   RO         3088    i.HAL_ADC_ConvHalfCpltCallback  stm32f4xx_hal_adc.o
    0x08001aa6   0x08001aa6   0x00000002   Code   RO         3090    i.HAL_ADC_ErrorCallback  stm32f4xx_hal_adc.o
    0x08001aa8   0x08001aa8   0x00000054   Code   RO         3095    i.HAL_ADC_Init      stm32f4xx_hal_adc.o
    0x08001afc   0x08001afc   0x00000098   Code   RO         2531    i.HAL_ADC_MspInit   adc.o
    0x08001b94   0x08001b94   0x00000100   Code   RO         3102    i.HAL_ADC_Start_DMA  stm32f4xx_hal_adc.o
    0x08001c94   0x08001c94   0x0000003c   Code   RO         3104    i.HAL_ADC_Stop      stm32f4xx_hal_adc.o
    0x08001cd0   0x08001cd0   0x00000058   Code   RO         3105    i.HAL_ADC_Stop_DMA  stm32f4xx_hal_adc.o
    0x08001d28   0x08001d28   0x0000008e   Code   RO         4013    i.HAL_DMA_Abort     stm32f4xx_hal_dma.o
    0x08001db6   0x08001db6   0x00000024   Code   RO         4014    i.HAL_DMA_Abort_IT  stm32f4xx_hal_dma.o
    0x08001dda   0x08001dda   0x00000002   PAD
    0x08001ddc   0x08001ddc   0x000001a0   Code   RO         4018    i.HAL_DMA_IRQHandler  stm32f4xx_hal_dma.o
    0x08001f7c   0x08001f7c   0x000000d4   Code   RO         4019    i.HAL_DMA_Init      stm32f4xx_hal_dma.o
    0x08002050   0x08002050   0x0000006e   Code   RO         4022    i.HAL_DMA_Start_IT  stm32f4xx_hal_dma.o
    0x080020be   0x080020be   0x00000002   PAD
    0x080020c0   0x080020c0   0x00000024   Code   RO         4520    i.HAL_Delay         stm32f4xx_hal.o
    0x080020e4   0x080020e4   0x00000098   Code   RO         3785    i.HAL_FLASHEx_Erase  stm32f4xx_hal_flash_ex.o
    0x0800217c   0x0800217c   0x00000014   Code   RO         3650    i.HAL_FLASH_Lock    stm32f4xx_hal_flash.o
    0x08002190   0x08002190   0x0000007c   Code   RO         3655    i.HAL_FLASH_Program  stm32f4xx_hal_flash.o
    0x0800220c   0x0800220c   0x0000002c   Code   RO         3657    i.HAL_FLASH_Unlock  stm32f4xx_hal_flash.o
    0x08002238   0x08002238   0x00000090   Code   RO         2302    i.HAL_GPIO_EXTI_Callback  main.o
    0x080022c8   0x080022c8   0x00000018   Code   RO         3896    i.HAL_GPIO_EXTI_IRQHandler  stm32f4xx_hal_gpio.o
    0x080022e0   0x080022e0   0x00000194   Code   RO         3897    i.HAL_GPIO_Init     stm32f4xx_hal_gpio.o
    0x08002474   0x08002474   0x0000000a   Code   RO         3899    i.HAL_GPIO_ReadPin  stm32f4xx_hal_gpio.o
    0x0800247e   0x0800247e   0x0000000a   Code   RO         3901    i.HAL_GPIO_WritePin  stm32f4xx_hal_gpio.o
    0x08002488   0x08002488   0x0000000c   Code   RO         4526    i.HAL_GetTick       stm32f4xx_hal.o
    0x08002494   0x08002494   0x00000010   Code   RO         4532    i.HAL_IncTick       stm32f4xx_hal.o
    0x080024a4   0x080024a4   0x00000034   Code   RO         4533    i.HAL_Init          stm32f4xx_hal.o
    0x080024d8   0x080024d8   0x00000040   Code   RO         4534    i.HAL_InitTick      stm32f4xx_hal.o
    0x08002518   0x08002518   0x00000040   Code   RO         3060    i.HAL_MspInit       stm32f4xx_hal_msp.o
    0x08002558   0x08002558   0x0000001a   Code   RO         4364    i.HAL_NVIC_EnableIRQ  stm32f4xx_hal_cortex.o
    0x08002572   0x08002572   0x00000002   PAD
    0x08002574   0x08002574   0x00000040   Code   RO         4370    i.HAL_NVIC_SetPriority  stm32f4xx_hal_cortex.o
    0x080025b4   0x080025b4   0x00000024   Code   RO         4371    i.HAL_NVIC_SetPriorityGrouping  stm32f4xx_hal_cortex.o
    0x080025d8   0x080025d8   0x00000038   Code   RO         4148    i.HAL_PWR_EnterSTOPMode  stm32f4xx_hal_pwr.o
    0x08002610   0x08002610   0x00000134   Code   RO         3471    i.HAL_RCC_ClockConfig  stm32f4xx_hal_rcc.o
    0x08002744   0x08002744   0x00000020   Code   RO         3478    i.HAL_RCC_GetPCLK1Freq  stm32f4xx_hal_rcc.o
    0x08002764   0x08002764   0x00000020   Code   RO         3479    i.HAL_RCC_GetPCLK2Freq  stm32f4xx_hal_rcc.o
    0x08002784   0x08002784   0x00000060   Code   RO         3480    i.HAL_RCC_GetSysClockFreq  stm32f4xx_hal_rcc.o
    0x080027e4   0x080027e4   0x0000035c   Code   RO         3483    i.HAL_RCC_OscConfig  stm32f4xx_hal_rcc.o
    0x08002b40   0x08002b40   0x00000042   Code   RO         4812    i.HAL_SPI_DMAStop   stm32f4xx_hal_spi.o
    0x08002b82   0x08002b82   0x00000080   Code   RO         4818    i.HAL_SPI_Init      stm32f4xx_hal_spi.o
    0x08002c02   0x08002c02   0x00000002   PAD
    0x08002c04   0x08002c04   0x000000a0   Code   RO         2607    i.HAL_SPI_MspInit   spi.o
    0x08002ca4   0x08002ca4   0x0000015c   Code   RO         4826    i.HAL_SPI_Transmit  stm32f4xx_hal_spi.o
    0x08002e00   0x08002e00   0x00000028   Code   RO         4375    i.HAL_SYSTICK_Config  stm32f4xx_hal_cortex.o
    0x08002e28   0x08002e28   0x00000002   Code   RO         5973    i.HAL_TIMEx_BreakCallback  stm32f4xx_hal_tim_ex.o
    0x08002e2a   0x08002e2a   0x00000002   Code   RO         5974    i.HAL_TIMEx_CommutCallback  stm32f4xx_hal_tim_ex.o
    0x08002e2c   0x08002e2c   0x0000007c   Code   RO         5991    i.HAL_TIMEx_MasterConfigSynchronization  stm32f4xx_hal_tim_ex.o
    0x08002ea8   0x08002ea8   0x00000036   Code   RO         5186    i.HAL_TIM_Base_Init  stm32f4xx_hal_tim.o
    0x08002ede   0x08002ede   0x00000002   PAD
    0x08002ee0   0x08002ee0   0x000000a8   Code   RO         2652    i.HAL_TIM_Base_MspInit  tim.o
    0x08002f88   0x08002f88   0x00000024   Code   RO         5189    i.HAL_TIM_Base_Start  stm32f4xx_hal_tim.o
    0x08002fac   0x08002fac   0x00000022   Code   RO         5191    i.HAL_TIM_Base_Start_IT  stm32f4xx_hal_tim.o
    0x08002fce   0x08002fce   0x0000002c   Code   RO         5192    i.HAL_TIM_Base_Stop  stm32f4xx_hal_tim.o
    0x08002ffa   0x08002ffa   0x0000002a   Code   RO         5194    i.HAL_TIM_Base_Stop_IT  stm32f4xx_hal_tim.o
    0x08003024   0x08003024   0x000000d6   Code   RO         5195    i.HAL_TIM_ConfigClockSource  stm32f4xx_hal_tim.o
    0x080030fa   0x080030fa   0x00000002   Code   RO         5215    i.HAL_TIM_IC_CaptureCallback  stm32f4xx_hal_tim.o
    0x080030fc   0x080030fc   0x00000166   Code   RO         5229    i.HAL_TIM_IRQHandler  stm32f4xx_hal_tim.o
    0x08003262   0x08003262   0x00000002   Code   RO         5232    i.HAL_TIM_OC_DelayElapsedCallback  stm32f4xx_hal_tim.o
    0x08003264   0x08003264   0x00000002   Code   RO         5259    i.HAL_TIM_PWM_PulseFinishedCallback  stm32f4xx_hal_tim.o
    0x08003266   0x08003266   0x00000002   PAD
    0x08003268   0x08003268   0x00000150   Code   RO         2303    i.HAL_TIM_PeriodElapsedCallback  main.o
    0x080033b8   0x080033b8   0x00000002   Code   RO         5272    i.HAL_TIM_TriggerCallback  stm32f4xx_hal_tim.o
    0x080033ba   0x080033ba   0x00000058   Code   RO         6282    i.HAL_UART_DMAStop  stm32f4xx_hal_uart.o
    0x08003412   0x08003412   0x00000002   Code   RO         6284    i.HAL_UART_ErrorCallback  stm32f4xx_hal_uart.o
    0x08003414   0x08003414   0x00000114   Code   RO         6287    i.HAL_UART_IRQHandler  stm32f4xx_hal_uart.o
    0x08003528   0x08003528   0x00000062   Code   RO         6288    i.HAL_UART_Init     stm32f4xx_hal_uart.o
    0x0800358a   0x0800358a   0x00000002   PAD
    0x0800358c   0x0800358c   0x000000ec   Code   RO         2724    i.HAL_UART_MspInit  usart.o
    0x08003678   0x08003678   0x00000098   Code   RO         6292    i.HAL_UART_Receive_DMA  stm32f4xx_hal_uart.o
    0x08003710   0x08003710   0x00000002   Code   RO         6294    i.HAL_UART_RxCpltCallback  stm32f4xx_hal_uart.o
    0x08003712   0x08003712   0x00000002   Code   RO         6295    i.HAL_UART_RxHalfCpltCallback  stm32f4xx_hal_uart.o
    0x08003714   0x08003714   0x000000ba   Code   RO         6296    i.HAL_UART_Transmit  stm32f4xx_hal_uart.o
    0x080037ce   0x080037ce   0x00000002   Code   RO         6299    i.HAL_UART_TxCpltCallback  stm32f4xx_hal_uart.o
    0x080037d0   0x080037d0   0x00000002   Code   RO         2913    i.HardFault_Handler  stm32f4xx_it.o
    0x080037d2   0x080037d2   0x00000002   PAD
    0x080037d4   0x080037d4   0x00000060   Code   RO         2532    i.MX_ADC1_Init      adc.o
    0x08003834   0x08003834   0x0000005c   Code   RO         2581    i.MX_DMA_Init       dma.o
    0x08003890   0x08003890   0x00000124   Code   RO         2504    i.MX_GPIO_Init      gpio.o
    0x080039b4   0x080039b4   0x00000048   Code   RO         2608    i.MX_SPI1_Init      spi.o
    0x080039fc   0x080039fc   0x00000068   Code   RO         2653    i.MX_TIM3_Init      tim.o
    0x08003a64   0x08003a64   0x00000068   Code   RO         2654    i.MX_TIM4_Init      tim.o
    0x08003acc   0x08003acc   0x00000068   Code   RO         2655    i.MX_TIM5_Init      tim.o
    0x08003b34   0x08003b34   0x00000050   Code   RO         2656    i.MX_TIM9_Init      tim.o
    0x08003b84   0x08003b84   0x00000038   Code   RO         2726    i.MX_USART1_UART_Init  usart.o
    0x08003bbc   0x08003bbc   0x00000002   Code   RO         2914    i.MemManage_Handler  stm32f4xx_it.o
    0x08003bbe   0x08003bbe   0x00000002   Code   RO         2915    i.NMI_Handler       stm32f4xx_it.o
    0x08003bc0   0x08003bc0   0x00000002   Code   RO         2916    i.PendSV_Handler    stm32f4xx_it.o
    0x08003bc2   0x08003bc2   0x00000002   PAD
    0x08003bc4   0x08003bc4   0x000000c0   Code   RO         2727    i.Recvcmd           usart.o
    0x08003c84   0x08003c84   0x00000002   Code   RO         2917    i.SVC_Handler       stm32f4xx_it.o
    0x08003c86   0x08003c86   0x00000002   PAD
    0x08003c88   0x08003c88   0x000000a8   Code   RO         2728    i.SendCommand       usart.o
    0x08003d30   0x08003d30   0x00000004   Code   RO         2918    i.SysTick_Handler   stm32f4xx_it.o
    0x08003d34   0x08003d34   0x00000054   Code   RO         6644    i.SystemInit        system_stm32f4xx.o
    0x08003d88   0x08003d88   0x0000000c   Code   RO         2919    i.TIM1_BRK_TIM9_IRQHandler  stm32f4xx_it.o
    0x08003d94   0x08003d94   0x0000000c   Code   RO         2920    i.TIM4_IRQHandler   stm32f4xx_it.o
    0x08003da0   0x08003da0   0x0000000c   Code   RO         2921    i.TIM5_IRQHandler   stm32f4xx_it.o
    0x08003dac   0x08003dac   0x00000098   Code   RO         5274    i.TIM_Base_SetConfig  stm32f4xx_hal_tim.o
    0x08003e44   0x08003e44   0x00000014   Code   RO         5281    i.TIM_ETR_SetConfig  stm32f4xx_hal_tim.o
    0x08003e58   0x08003e58   0x000000b8   Code   RO         2729    i.Tranfcmd          usart.o
    0x08003f10   0x08003f10   0x0000007c   Code   RO         2922    i.USART1_IRQHandler  stm32f4xx_it.o
    0x08003f8c   0x08003f8c   0x00000002   Code   RO         2923    i.UsageFault_Handler  stm32f4xx_it.o
    0x08003f8e   0x08003f8e   0x00000002   PAD
    0x08003f90   0x08003f90   0x0000008c   Code   RO         2304    i._Z10KeyProcessv   main.o
    0x0800401c   0x0800401c   0x000001b8   Code   RO         2305    i._Z10MainSysRunv   main.o
    0x080041d4   0x080041d4   0x00000014   Code   RO         2225    i._Z10SetCurrenthf  motion.o
    0x080041e8   0x080041e8   0x000000a4   Code   RO         2226    i._Z11DampAutoPosh  motion.o
    0x0800428c   0x0800428c   0x000000a4   Code   RO         2306    i._Z11GetPowerMagv  main.o
    0x08004330   0x08004330   0x000002ac   Code   RO         1197    i._Z11Time_Handlev  ds3231.o
    0x080045dc   0x080045dc   0x00000014   Code   RO         1305    i._Z13STMFLASH_ReadjPjj  stmflash.o
    0x080045f0   0x080045f0   0x00000098   Code   RO         1199    i._Z14DS3231_SetUartv  ds3231.o
    0x08004688   0x08004688   0x00000068   Code   RO         1363    i._Z14IIC_Read_Byte1v  i2c.o
    0x080046f0   0x080046f0   0x00000094   Code   RO         1364    i._Z14IIC_Write_Byteh  i2c.o
    0x08004784   0x08004784   0x00000098   Code   RO         1306    i._Z14STMFLASH_WritejPjj  stmflash.o
    0x0800481c   0x0800481c   0x00000022   Code   RO         1202    i._Z16DS3231_Time_InitPh  ds3231.o
    0x0800483e   0x0800483e   0x00000026   Code   RO         1203    i._Z17DS3231_Write_Bytehh  ds3231.o
    0x08004864   0x08004864   0x00000084   Code   RO         2307    i._Z18SystemClock_Configv  main.o
    0x080048e8   0x080048e8   0x00000094   Code   RO         1204    i._Z21DS3231_ReadWrite_Timeh  ds3231.o
    0x0800497c   0x0800497c   0x0000007e   Code   RO         1205    i._Z23DS3231_Operate_RegisterhPhhh  ds3231.o
    0x080049fa   0x080049fa   0x00000002   PAD
    0x080049fc   0x080049fc   0x00000054   Code   RO         1308    i._Z23STMFLASH_GetFlashSectorj  stmflash.o
    0x08004a50   0x08004a50   0x0000002c   Code   RO         2308    i._Z26module_pwr_exit_sleep_modev  main.o
    0x08004a7c   0x08004a7c   0x000000c4   Code   RO         2309    i._Z27module_pwr_enter_sleep_modev  main.o
    0x08004b40   0x08004b40   0x00000008   Code   RO         2229    i._Z4absli          motion.o
    0x08004b48   0x08004b48   0x00000024   Code   RO         1365    i._Z6SDA_INv        i2c.o
    0x08004b6c   0x08004b6c   0x00000012   Code   RO         1206    i._Z7BCD2HEXh       ds3231.o
    0x08004b7e   0x08004b7e   0x0000001c   Code   RO         2310    i._Z7Delaymst       main.o
    0x08004b9a   0x08004b9a   0x00000022   Code   RO         1207    i._Z7HEX2BCDh       ds3231.o
    0x08004bbc   0x08004bbc   0x00000044   Code   RO         1366    i._Z7IIC_Ackv       i2c.o
    0x08004c00   0x08004c00   0x00000020   Code   RO         1367    i._Z7SDA_OUTv       i2c.o
    0x08004c20   0x08004c20   0x00000044   Code   RO         1368    i._Z8IIC_NAckv      i2c.o
    0x08004c64   0x08004c64   0x00000044   Code   RO         1369    i._Z8IIC_Stopv      i2c.o
    0x08004ca8   0x08004ca8   0x00000018   Code   RO         1371    i._Z8delay_ust      i2c.o
    0x08004cc0   0x08004cc0   0x00000044   Code   RO         1373    i._Z9IIC_Startv     i2c.o
    0x08004d04   0x08004d04   0x00000014   Code   RO         2230    i._Z9SetTargethf    motion.o
    0x08004d18   0x08004d18   0x000000b4   Code   RO          479    i._ZN11OLED_Driver10Calc_ColorEv  oled_driver.o
    0x08004dcc   0x08004dcc   0x00000034   Code   RO          480    i._ZN11OLED_Driver10Draw_PixelEll  oled_driver.o
    0x08004e00   0x08004e00   0x0000002c   Code   RO          481    i._ZN11OLED_Driver10Draw_PixelEllt  oled_driver.o
    0x08004e2c   0x08004e2c   0x00000078   Code   RO          482    i._ZN11OLED_Driver10OLED_BFAnyEiiiihPKht  oled_driver.o
    0x08004ea4   0x08004ea4   0x000000ec   Code   RO          483    i._ZN11OLED_Driver10OLED_BFAnyEiiiihPKhtt  oled_driver.o
    0x08004f90   0x08004f90   0x00000102   Code   RO          484    i._ZN11OLED_Driver10OLED_HFAnyEiiiihPKht  oled_driver.o
    0x08005092   0x08005092   0x00000002   PAD
    0x08005094   0x08005094   0x00000068   Code   RO          485    i._ZN11OLED_Driver10OLED_NF6x8Eiihh  oled_driver.o
    0x080050fc   0x080050fc   0x00000054   Code   RO          486    i._ZN11OLED_Driver10Write_DataEPhl  oled_driver.o
    0x08005150   0x08005150   0x00000048   Code   RO          487    i._ZN11OLED_Driver10Write_DataEh  oled_driver.o
    0x08005198   0x08005198   0x00000128   Code   RO          488    i._ZN11OLED_Driver11Device_InitEv  oled_driver.o
    0x080052c0   0x080052c0   0x0000004a   Code   RO          489    i._ZN11OLED_Driver11Display_bmpEiiiiPKh  oled_driver.o
    0x0800530a   0x0800530a   0x00000002   PAD
    0x0800530c   0x0800530c   0x000000dc   Code   RO          490    i._ZN11OLED_Driver11OLED_SBFAnyEiiPcit  oled_driver.o
    0x080053e8   0x080053e8   0x000000b4   Code   RO          491    i._ZN11OLED_Driver11OLED_SHFAnyEiiPcit  oled_driver.o
    0x0800549c   0x0800549c   0x00000090   Code   RO          492    i._ZN11OLED_Driver11OLED_SNF6x8EiiPc  oled_driver.o
    0x0800552c   0x0800552c   0x0000002e   Code   RO          493    i._ZN11OLED_Driver11RAM_AddressEv  oled_driver.o
    0x0800555a   0x0800555a   0x00000024   Code   RO          494    i._ZN11OLED_Driver11RandomColorEv  oled_driver.o
    0x0800557e   0x0800557e   0x00000002   PAD
    0x08005580   0x08005580   0x0000002c   Code   RO          495    i._ZN11OLED_Driver12Clear_ScreenEv  oled_driver.o
    0x080055ac   0x080055ac   0x00000078   Code   RO          497    i._ZN11OLED_Driver12Display_bbmpEiiiiPKh  oled_driver.o
    0x08005624   0x08005624   0x0000007a   Code   RO          498    i._ZN11OLED_Driver12Display_bbmpEiiiiPKht  oled_driver.o
    0x0800569e   0x0800569e   0x000000f2   Code   RO          499    i._ZN11OLED_Driver12Display_hbmpEiiiiPKht  oled_driver.o
    0x08005790   0x08005790   0x00000048   Code   RO          502    i._ZN11OLED_Driver13Write_CommandEh  oled_driver.o
    0x080057d8   0x080057d8   0x0000001e   Code   RO          503    i._ZN11OLED_Driver14Draw_FastHLineEsss  oled_driver.o
    0x080057f6   0x080057f6   0x00000026   Code   RO          504    i._ZN11OLED_Driver14Draw_FastHLineEssst  oled_driver.o
    0x0800581c   0x0800581c   0x0000001e   Code   RO          505    i._ZN11OLED_Driver14Draw_FastVLineEsss  oled_driver.o
    0x0800583a   0x0800583a   0x00000026   Code   RO          506    i._ZN11OLED_Driver14Draw_FastVLineEssst  oled_driver.o
    0x08005860   0x08005860   0x00000024   Code   RO          507    i._ZN11OLED_Driver14Refrash_ScreenEv  oled_driver.o
    0x08005884   0x08005884   0x0000003a   Code   RO          508    i._ZN11OLED_Driver6WheelPEt  oled_driver.o
    0x080058be   0x080058be   0x00000018   Code   RO          509    i._ZN11OLED_Driver7SCR_regEii  oled_driver.o
    0x080058d6   0x080058d6   0x0000003a   Code   RO          510    i._ZN11OLED_Driver7WheelPwEt  oled_driver.o
    0x08005910   0x08005910   0x0000004c   Code   RO          512    i._ZN11OLED_Driver9Set_WheelEt  oled_driver.o
    0x0800595c   0x0800595c   0x00000002   Code   RO          513    i._ZN11OLED_DriverC1Ev  oled_driver.o
    0x0800595e   0x0800595e   0x00000002   PAD
    0x08005960   0x08005960   0x000001a4   Code   RO          721    i._ZN14OLED_Animation11Motion_MindEv  oled_animation.o
    0x08005b04   0x08005b04   0x0000005c   Code   RO          722    i._ZN14OLED_Animation11OLED_PlanetEh  oled_animation.o
    0x08005b60   0x08005b60   0x00000090   Code   RO          723    i._ZN14OLED_Animation12OLED_MovMindEh  oled_animation.o
    0x08005bf0   0x08005bf0   0x00000094   Code   RO          724    i._ZN14OLED_Animation13Motion_CircleEv  oled_animation.o
    0x08005c84   0x08005c84   0x0000020c   Code   RO          725    i._ZN14OLED_Animation13Motion_PlanetEv  oled_animation.o
    0x08005e90   0x08005e90   0x000000a8   Code   RO          726    i._ZN14OLED_Animation13OLED_TriangleEh  oled_animation.o
    0x08005f38   0x08005f38   0x000000c0   Code   RO          728    i._ZN14OLED_Animation14OLED_FucCircleEh  oled_animation.o
    0x08005ff8   0x08005ff8   0x00000048   Code   RO          729    i._ZN14OLED_Animation14OLED_MovmeteorEh  oled_animation.o
    0x08006040   0x08006040   0x000000ec   Code   RO          730    i._ZN14OLED_Animation15Motion_MindInitEv  oled_animation.o
    0x0800612c   0x0800612c   0x000004ac   Code   RO          731    i._ZN14OLED_Animation15Motion_TriangleEv  oled_animation.o
    0x080065d8   0x080065d8   0x00000278   Code   RO          732    i._ZN14OLED_Animation16Motion_MovmeteorEv  oled_animation.o
    0x08006850   0x08006850   0x000001dc   Code   RO          733    i._ZN14OLED_Animation16Motion_SnowflakeEv  oled_animation.o
    0x08006a2c   0x08006a2c   0x00000498   Code   RO          734    i._ZN14OLED_Animation16Motion_TriangleFEv  oled_animation.o
    0x08006ec4   0x08006ec4   0x00000088   Code   RO          735    i._ZN14OLED_Animation17Motion_CircleInitEv  oled_animation.o
    0x08006f4c   0x08006f4c   0x000000bc   Code   RO          736    i._ZN14OLED_Animation17Motion_PlanetInitEv  oled_animation.o
    0x08007008   0x08007008   0x00000060   Code   RO          737    i._ZN14OLED_Animation17OLED_MovSnowflakeEh  oled_animation.o
    0x08007068   0x08007068   0x00000040   Code   RO          738    i._ZN14OLED_Animation18OLED_CustormMotionEh  oled_animation.o
    0x080070a8   0x080070a8   0x00000198   Code   RO          739    i._ZN14OLED_Animation19Motion_TriangleInitEv  oled_animation.o
    0x08007240   0x08007240   0x0000002a   Code   RO          740    i._ZN14OLED_Animation19OLED_AllMotion_InitEv  oled_animation.o
    0x0800726a   0x0800726a   0x00000002   PAD
    0x0800726c   0x0800726c   0x000000bc   Code   RO          741    i._ZN14OLED_Animation20Motion_MovmeteorInitEv  oled_animation.o
    0x08007328   0x08007328   0x0000008c   Code   RO          742    i._ZN14OLED_Animation20Motion_SnowflakeInitEv  oled_animation.o
    0x080073b4   0x080073b4   0x00000002   Code   RO          743    i._ZN14OLED_AnimationC1Ev  oled_animation.o
    0x080073b6   0x080073b6   0x00000016   Code   RO         3107    i._ZN41_INTERNAL_19_stm32f4xx_hal_adc_c_52ef8f5012ADC_DMAErrorEP19__DMA_HandleTypeDef  stm32f4xx_hal_adc.o
    0x080073cc   0x080073cc   0x0000006e   Code   RO         3108    i._ZN41_INTERNAL_19_stm32f4xx_hal_adc_c_52ef8f5015ADC_DMAConvCpltEP19__DMA_HandleTypeDef  stm32f4xx_hal_adc.o
    0x0800743a   0x0800743a   0x0000000a   Code   RO         3109    i._ZN41_INTERNAL_19_stm32f4xx_hal_adc_c_52ef8f5019ADC_DMAHalfConvCpltEP19__DMA_HandleTypeDef  stm32f4xx_hal_adc.o
    0x08007444   0x08007444   0x00000128   Code   RO         3110    i._ZN41_INTERNAL_19_stm32f4xx_hal_adc_c_52ef8f508ADC_InitEP17ADC_HandleTypeDef  stm32f4xx_hal_adc.o
    0x0800756c   0x0800756c   0x00000028   Code   RO         4025    i._ZN41_INTERNAL_19_stm32f4xx_hal_dma_c_c25f65ec13DMA_SetConfigEP19__DMA_HandleTypeDefjjj  stm32f4xx_hal_dma.o
    0x08007594   0x08007594   0x00000054   Code   RO         4026    i._ZN41_INTERNAL_19_stm32f4xx_hal_dma_c_c25f65ec18DMA_CheckFifoParamEP19__DMA_HandleTypeDef  stm32f4xx_hal_dma.o
    0x080075e8   0x080075e8   0x00000028   Code   RO         4027    i._ZN41_INTERNAL_19_stm32f4xx_hal_dma_c_c25f65ec23DMA_CalcBaseAndBitshiftEP19__DMA_HandleTypeDef  stm32f4xx_hal_dma.o
    0x08007610   0x08007610   0x00000058   Code   RO         4857    i._ZN41_INTERNAL_19_stm32f4xx_hal_spi_c_5e7b22bd22SPI_EndRxTxTransactionEP19__SPI_HandleTypeDefjj  stm32f4xx_hal_spi.o
    0x08007668   0x08007668   0x00000094   Code   RO         4860    i._ZN41_INTERNAL_19_stm32f4xx_hal_spi_c_5e7b22bd29SPI_WaitFlagStateUntilTimeoutEP19__SPI_HandleTypeDefj10FlagStatusjj  stm32f4xx_hal_spi.o
    0x080076fc   0x080076fc   0x00000010   Code   RO         5289    i._ZN41_INTERNAL_19_stm32f4xx_hal_tim_c_a9d95b5218TIM_ITRx_SetConfigEP11TIM_TypeDefj  stm32f4xx_hal_tim.o
    0x0800770c   0x0800770c   0x00000022   Code   RO         5293    i._ZN41_INTERNAL_19_stm32f4xx_hal_tim_c_a9d95b5224TIM_TI1_ConfigInputStageEP11TIM_TypeDefjj  stm32f4xx_hal_tim.o
    0x0800772e   0x0800772e   0x00000024   Code   RO         5294    i._ZN41_INTERNAL_19_stm32f4xx_hal_tim_c_a9d95b5224TIM_TI2_ConfigInputStageEP11TIM_TypeDefjj  stm32f4xx_hal_tim.o
    0x08007752   0x08007752   0x0000004a   Code   RO         6301    i._ZN42_INTERNAL_20_stm32f4xx_hal_uart_c_d497114f13UART_DMAErrorEP19__DMA_HandleTypeDef  stm32f4xx_hal_uart.o
    0x0800779c   0x0800779c   0x00000128   Code   RO         6302    i._ZN42_INTERNAL_20_stm32f4xx_hal_uart_c_d497114f14UART_SetConfigEP20__UART_HandleTypeDef  stm32f4xx_hal_uart.o
    0x080078c4   0x080078c4   0x00000096   Code   RO         6303    i._ZN42_INTERNAL_20_stm32f4xx_hal_uart_c_d497114f15UART_Receive_ITEP20__UART_HandleTypeDef  stm32f4xx_hal_uart.o
    0x0800795a   0x0800795a   0x00000062   Code   RO         6304    i._ZN42_INTERNAL_20_stm32f4xx_hal_uart_c_d497114f16UART_Transmit_ITEP20__UART_HandleTypeDef  stm32f4xx_hal_uart.o
    0x080079bc   0x080079bc   0x0000000a   Code   RO         6305    i._ZN42_INTERNAL_20_stm32f4xx_hal_uart_c_d497114f18UART_DMARxHalfCpltEP19__DMA_HandleTypeDef  stm32f4xx_hal_uart.o
    0x080079c6   0x080079c6   0x0000001c   Code   RO         6307    i._ZN42_INTERNAL_20_stm32f4xx_hal_uart_c_d497114f18UART_EndRxTransferEP20__UART_HandleTypeDef  stm32f4xx_hal_uart.o
    0x080079e2   0x080079e2   0x00000012   Code   RO         6308    i._ZN42_INTERNAL_20_stm32f4xx_hal_uart_c_d497114f18UART_EndTxTransferEP20__UART_HandleTypeDef  stm32f4xx_hal_uart.o
    0x080079f4   0x080079f4   0x0000003c   Code   RO         6309    i._ZN42_INTERNAL_20_stm32f4xx_hal_uart_c_d497114f19UART_DMAReceiveCpltEP19__DMA_HandleTypeDef  stm32f4xx_hal_uart.o
    0x08007a30   0x08007a30   0x00000010   Code   RO         6310    i._ZN42_INTERNAL_20_stm32f4xx_hal_uart_c_d497114f20UART_DMAAbortOnErrorEP19__DMA_HandleTypeDef  stm32f4xx_hal_uart.o
    0x08007a40   0x08007a40   0x00000064   Code   RO         6316    i._ZN42_INTERNAL_20_stm32f4xx_hal_uart_c_d497114f27UART_WaitOnFlagUntilTimeoutEP20__UART_HandleTypeDefj10FlagStatusjj  stm32f4xx_hal_uart.o
    0x08007aa4   0x08007aa4   0x00000020   Code   RO         3658    i._ZN43_INTERNAL_21_stm32f4xx_hal_flash_c_48aa8f3e18FLASH_Program_ByteEjh  stm32f4xx_hal_flash.o
    0x08007ac4   0x08007ac4   0x00000024   Code   RO         3659    i._ZN43_INTERNAL_21_stm32f4xx_hal_flash_c_48aa8f3e18FLASH_Program_WordEjj  stm32f4xx_hal_flash.o
    0x08007ae8   0x08007ae8   0x0000007c   Code   RO         3660    i._ZN43_INTERNAL_21_stm32f4xx_hal_flash_c_48aa8f3e18FLASH_SetErrorCodeEv  stm32f4xx_hal_flash.o
    0x08007b64   0x08007b64   0x00000024   Code   RO         3661    i._ZN43_INTERNAL_21_stm32f4xx_hal_flash_c_48aa8f3e22FLASH_Program_HalfWordEjt  stm32f4xx_hal_flash.o
    0x08007b88   0x08007b88   0x0000002c   Code   RO         3662    i._ZN43_INTERNAL_21_stm32f4xx_hal_flash_c_48aa8f3e24FLASH_Program_DoubleWordEjy  stm32f4xx_hal_flash.o
    0x08007bb4   0x08007bb4   0x00000020   Code   RO         4377    i._ZN44_INTERNAL_22_stm32f4xx_hal_cortex_c_2992dbc018__NVIC_SetPriorityE9IRQn_Typej  stm32f4xx_hal_cortex.o
    0x08007bd4   0x08007bd4   0x00000028   Code   RO         3791    i._ZN46_INTERNAL_24_stm32f4xx_hal_flash_ex_c_6648b60e15FLASH_MassEraseEhj  stm32f4xx_hal_flash_ex.o
    0x08007bfc   0x08007bfc   0x00000028   Code   RO          892    i._ZN7OLED_UI10GAMEUI_OutEv  oled_ui.o
    0x08007c24   0x08007c24   0x00000002   Code   RO          893    i._ZN7OLED_UI11HUIDataPrssEv  oled_ui.o
    0x08007c26   0x08007c26   0x00000002   PAD
    0x08007c28   0x08007c28   0x00000040   Code   RO          894    i._ZN7OLED_UI11HUIMainShowEv  oled_ui.o
    0x08007c68   0x08007c68   0x00000002   Code   RO          895    i._ZN7OLED_UI11MUIDataPrssEv  oled_ui.o
    0x08007c6a   0x08007c6a   0x00000002   PAD
    0x08007c6c   0x08007c6c   0x00000088   Code   RO          896    i._ZN7OLED_UI11MUIMainShowEv  oled_ui.o
    0x08007cf4   0x08007cf4   0x000000c8   Code   RO          897    i._ZN7OLED_UI11OLED_SLFAnyEiiiiPcit  oled_ui.o
    0x08007dbc   0x08007dbc   0x00000002   Code   RO          898    i._ZN7OLED_UI11SUIDataPrssEv  oled_ui.o
    0x08007dbe   0x08007dbe   0x00000002   PAD
    0x08007dc0   0x08007dc0   0x00000444   Code   RO          899    i._ZN7OLED_UI11SUIMainShowEv  oled_ui.o
    0x08008204   0x08008204   0x00000080   Code   RO          900    i._ZN7OLED_UI11TUIDataPrssEv  oled_ui.o
    0x08008284   0x08008284   0x000000bc   Code   RO          901    i._ZN7OLED_UI11TUIMainShowEv  oled_ui.o
    0x08008340   0x08008340   0x000000a0   Code   RO          902    i._ZN7OLED_UI12OLED_LFPixelEiiiiiihPKht  oled_ui.o
    0x080083e0   0x080083e0   0x00000184   Code   RO          903    i._ZN7OLED_UI12T1UIDataPrssEv  oled_ui.o
    0x08008564   0x08008564   0x000003d4   Code   RO          904    i._ZN7OLED_UI12T1UIMainShowEv  oled_ui.o
    0x08008938   0x08008938   0x00000180   Code   RO          905    i._ZN7OLED_UI12T2UIDataPrssEv  oled_ui.o
    0x08008ab8   0x08008ab8   0x00000438   Code   RO          906    i._ZN7OLED_UI12T2UIMainShowEv  oled_ui.o
    0x08008ef0   0x08008ef0   0x00000002   Code   RO          907    i._ZN7OLED_UI14GAMEUIDataPrssEv  oled_ui.o
    0x08008ef2   0x08008ef2   0x00000002   PAD
    0x08008ef4   0x08008ef4   0x00000460   Code   RO          908    i._ZN7OLED_UI14GAMEUIMainShowEv  oled_ui.o
    0x08009354   0x08009354   0x00000038   Code   RO          909    i._ZN7OLED_UI6HUI_InEv  oled_ui.o
    0x0800938c   0x0800938c   0x00000024   Code   RO          910    i._ZN7OLED_UI6MUI_InEv  oled_ui.o
    0x080093b0   0x080093b0   0x00000108   Code   RO          911    i._ZN7OLED_UI6SUI_InEv  oled_ui.o
    0x080094b8   0x080094b8   0x00000064   Code   RO          912    i._ZN7OLED_UI6TUI_InEv  oled_ui.o
    0x0800951c   0x0800951c   0x00000028   Code   RO          913    i._ZN7OLED_UI7HUI_OutEv  oled_ui.o
    0x08009544   0x08009544   0x00000004   Code   RO          914    i._ZN7OLED_UI7MUI_OutEv  oled_ui.o
    0x08009548   0x08009548   0x0000009c   Code   RO          915    i._ZN7OLED_UI7SUI_OutEv  oled_ui.o
    0x080095e4   0x080095e4   0x00000180   Code   RO          916    i._ZN7OLED_UI7T1UI_InEv  oled_ui.o
    0x08009764   0x08009764   0x00000134   Code   RO          917    i._ZN7OLED_UI7T2UI_InEv  oled_ui.o
    0x08009898   0x08009898   0x00000028   Code   RO          918    i._ZN7OLED_UI7TUI_OutEv  oled_ui.o
    0x080098c0   0x080098c0   0x000000d0   Code   RO          919    i._ZN7OLED_UI8T1UI_OutEv  oled_ui.o
    0x08009990   0x08009990   0x000000a8   Code   RO          920    i._ZN7OLED_UI8T2UI_OutEv  oled_ui.o
    0x08009a38   0x08009a38   0x00000040   Code   RO          921    i._ZN7OLED_UI9GAMEUI_InEv  oled_ui.o
    0x08009a78   0x08009a78   0x00000024   Code   RO          922    i._ZN7OLED_UIC1Ev   oled_ui.o
    0x08009a9c   0x08009a9c   0x0000002c   Code   RO          923    i._ZN7OLED_UIC2Ev   oled_ui.o
    0x08009ac8   0x08009ac8   0x00000104   Code   RO          361    i._ZN8OLED_FFT14Display_Style1Ev  oled_fft.o
    0x08009bcc   0x08009bcc   0x000001c4   Code   RO          362    i._ZN8OLED_FFT14Display_Style2Ev  oled_fft.o
    0x08009d90   0x08009d90   0x000001c4   Code   RO          363    i._ZN8OLED_FFT14Display_Style3Ev  oled_fft.o
    0x08009f54   0x08009f54   0x000000fc   Code   RO          364    i._ZN8OLED_FFT14Display_Style4Ev  oled_fft.o
    0x0800a050   0x0800a050   0x00000118   Code   RO          365    i._ZN8OLED_FFT14Display_Style5Ev  oled_fft.o
    0x0800a168   0x0800a168   0x00000b0c   Code   RO          366    i._ZN8OLED_FFT14Display_Style6Ev  oled_fft.o
    0x0800ac74   0x0800ac74   0x00000002   Code   RO          367    i._ZN8OLED_FFTC1Ev  oled_fft.o
    0x0800ac76   0x0800ac76   0x00000056   Code   RO           13    i._ZN8OLED_GFX10Draw_LineSEPsh  oled_gfx.o
    0x0800accc   0x0800accc   0x0000005c   Code   RO           14    i._ZN8OLED_GFX10Draw_LineSEPsht  oled_gfx.o
    0x0800ad28   0x0800ad28   0x000000ae   Code   RO           15    i._ZN8OLED_GFX10Write_LineEssss  oled_gfx.o
    0x0800add6   0x0800add6   0x000000b0   Code   RO           16    i._ZN8OLED_GFX10Write_LineEsssst  oled_gfx.o
    0x0800ae86   0x0800ae86   0x00000132   Code   RO           17    i._ZN8OLED_GFX11Draw_CircleEsss  oled_gfx.o
    0x0800afb8   0x0800afb8   0x0000016c   Code   RO           18    i._ZN8OLED_GFX11Draw_CircleEsssht  oled_gfx.o
    0x0800b124   0x0800b124   0x0000014a   Code   RO           19    i._ZN8OLED_GFX11Draw_CircleEssst  oled_gfx.o
    0x0800b26e   0x0800b26e   0x0000003e   Code   RO           21    i._ZN8OLED_GFX11Fill_CircleEssst  oled_gfx.o
    0x0800b2ac   0x0800b2ac   0x00000040   Code   RO           25    i._ZN8OLED_GFX13Draw_TriangleEsssssst  oled_gfx.o
    0x0800b2ec   0x0800b2ec   0x00000188   Code   RO           27    i._ZN8OLED_GFX13Fill_TriangleEsssssst  oled_gfx.o
    0x0800b474   0x0800b474   0x000000ea   Code   RO           33    i._ZN8OLED_GFX17FillCircle_HelperEssshst  oled_gfx.o
    0x0800b55e   0x0800b55e   0x00000054   Code   RO           37    i._ZN8OLED_GFX9Draw_LineEssss  oled_gfx.o
    0x0800b5b2   0x0800b5b2   0x00000002   PAD
    0x0800b5b4   0x0800b5b4   0x00000200   Code   RO           38    i._ZN8OLED_GFX9Draw_LineEssssht  oled_gfx.o
    0x0800b7b4   0x0800b7b4   0x00000054   Code   RO           39    i._ZN8OLED_GFX9Draw_LineEsssst  oled_gfx.o
    0x0800b808   0x0800b808   0x00000066   Code   RO           43    i._ZN8OLED_GFX9Fill_RectEttttt  oled_gfx.o
    0x0800b86e   0x0800b86e   0x00000002   PAD
    0x0800b870   0x0800b870   0x0000001c   Code   RO           44    i._ZN8OLED_GFXC1Ev  oled_gfx.o
    0x0800b88c   0x0800b88c   0x00000028   Code   RO           45    i._ZN8OLED_GFXC2Ev  oled_gfx.o
    0x0800b8b4   0x0800b8b4   0x00000004   Code   RO          431    i._ZSt3cosf         oled_fft.o
    0x0800b8b8   0x0800b8b8   0x00000004   Code   RO          425    i._ZSt3sinf         oled_fft.o
    0x0800b8bc   0x0800b8bc   0x00000020   Code   RO         7095    i.__0printf         mc_w.l(printfa.o)
    0x0800b8dc   0x0800b8dc   0x00000028   Code   RO         7097    i.__0sprintf        mc_w.l(printfa.o)
    0x0800b904   0x0800b904   0x00000026   Code   RO         7159    i.__ARM_fpclassifyf  m_wm.l(fpclassifyf.o)
    0x0800b92a   0x0800b92a   0x00000002   PAD
    0x0800b92c   0x0800b92c   0x00000150   Code   RO         6810    i.__hardfp_cosf     m_wm.l(cosf.o)
    0x0800ba7c   0x0800ba7c   0x00000190   Code   RO         6822    i.__hardfp_sinf     m_wm.l(sinf.o)
    0x0800bc0c   0x0800bc0c   0x0000003a   Code   RO         6834    i.__hardfp_sqrtf    m_wm.l(sqrtf.o)
    0x0800bc46   0x0800bc46   0x00000006   Code   RO         7162    i.__mathlib_flt_infnan  m_wm.l(funder.o)
    0x0800bc4c   0x0800bc4c   0x00000010   Code   RO         7164    i.__mathlib_flt_invalid  m_wm.l(funder.o)
    0x0800bc5c   0x0800bc5c   0x00000010   Code   RO         7167    i.__mathlib_flt_underflow  m_wm.l(funder.o)
    0x0800bc6c   0x0800bc6c   0x00000154   Code   RO         7175    i.__mathlib_rredf2  m_wm.l(rredf.o)
    0x0800bdc0   0x0800bdc0   0x0000000e   Code   RO         7276    i.__scatterload_copy  mc_w.l(handlers.o)
    0x0800bdce   0x0800bdce   0x00000002   Code   RO         7277    i.__scatterload_null  mc_w.l(handlers.o)
    0x0800bdd0   0x0800bdd0   0x0000000e   Code   RO         7278    i.__scatterload_zeroinit  mc_w.l(handlers.o)
    0x0800bdde   0x0800bdde   0x00000002   PAD
    0x0800bde0   0x0800bde0   0x0000000c   Code   RO         7203    i.__set_errno       mc_w.l(errno.o)
    0x0800bdec   0x0800bdec   0x00000028   Code   RO         2311    i.__sti___6_main_c_TableFFT  main.o
    0x0800be14   0x0800be14   0x00000184   Code   RO         7102    i._fp_digits        mc_w.l(printfa.o)
    0x0800bf98   0x0800bf98   0x000006dc   Code   RO         7103    i._printf_core      mc_w.l(printfa.o)
    0x0800c674   0x0800c674   0x00000024   Code   RO         7104    i._printf_post_padding  mc_w.l(printfa.o)
    0x0800c698   0x0800c698   0x0000002e   Code   RO         7105    i._printf_pre_padding  mc_w.l(printfa.o)
    0x0800c6c6   0x0800c6c6   0x0000000a   Code   RO         7107    i._sputc            mc_w.l(printfa.o)
    0x0800c6d0   0x0800c6d0   0x00000008   Code   RO          368    i.abs2              oled_fft.o
    0x0800c6d8   0x0800c6d8   0x00000054   Code   RO          924    i.begin             oled_ui.o
    0x0800c72c   0x0800c72c   0x00000018   Code   RO          925    i.blue_click        oled_ui.o
    0x0800c744   0x0800c744   0x00000040   Code   RO          926    i.check             oled_ui.o
    0x0800c784   0x0800c784   0x00000038   Code   RO         2733    i.drache_cmd        usart.o
    0x0800c7bc   0x0800c7bc   0x00000204   Code   RO          927    i.draw_obj          oled_ui.o
    0x0800c9c0   0x0800c9c0   0x00000140   Code   RO          928    i.draw_player       oled_ui.o
    0x0800cb00   0x0800cb00   0x00000018   Code   RO         2735    i.fputc             usart.o
    0x0800cb18   0x0800cb18   0x00000168   Code   RO         2312    i.main              main.o
    0x0800cc80   0x0800cc80   0x00000028   Code   RO          930    i.red_click         oled_ui.o
    0x0800cca8   0x0800cca8   0x00004ea7   Data   RO          550    .constdata          oled_driver.o
    0x08011b4f   0x08011b4f   0x0000b9d4   Data   RO          972    .constdata          oled_ui.o
    0x0801d523   0x0801d523   0x00000001   PAD
    0x0801d524   0x0801d524   0x0000000c   Data   RO          973    .constdata          oled_ui.o
    0x0801d530   0x0801d530   0x00000010   Data   RO         2759    .constdata          usart.o
    0x0801d540   0x0801d540   0x00000008   Data   RO         4043    .constdata          stm32f4xx_hal_dma.o
    0x0801d548   0x0801d548   0x00000010   Data   RO         6647    .constdata          system_stm32f4xx.o
    0x0801d558   0x0801d558   0x00000008   Data   RO         6648    .constdata          system_stm32f4xx.o
    0x0801d560   0x0801d560   0x00000020   Data   RO         7176    .constdata          m_wm.l(rredf.o)
    0x0801d580   0x0801d580   0x0000000c   Data   RO         1154    .constdata__ZTV7OLED_UI  oled_ui.o
    0x0801d58c   0x0801d58c   0x00000010   Data   RO         1156    .constdata__ZTV7OLED_UI  oled_ui.o
    0x0801d59c   0x0801d59c   0x00000004   Data   RO          223    .constdata__ZTV8OLED_GFX  oled_gfx.o
    0x0801d5a0   0x0801d5a0   0x0000000c   Data   RO          225    .constdata__ZTV8OLED_GFX  oled_gfx.o
    0x0801d5ac   0x0801d5ac   0x00000020   Data   RO         7274    Region$$Table       anon$$obj.o
    0x0801d5cc   0x0801d5cc   0x00000004   Data   RO         2347    .init_array         main.o
    0x0801d5d0   0x0801d5cc   0x00000000   Data   RO         7124    .init_array         mc_w.l(cpp_init.o)


    Execution Region RW_IRAM1 (Exec base: 0x20000000, Load base: 0x0801d5d0, Size: 0x0000d8b8, Max: 0x00010000, ABSOLUTE, COMPRESSED[0x00000078])

    Exec Addr    Load Addr    Size         Type   Attr      Idx    E Section Name        Object

    0x20000000   COMPRESSED   0x00000003   Data   RW           79    .data               oled_gfx.o
    0x20000003   COMPRESSED   0x00000001   PAD
    0x20000004   COMPRESSED   0x00000018   Data   RW          378    .data               oled_fft.o
    0x2000001c   COMPRESSED   0x00000001   Data   RW          551    .data               oled_driver.o
    0x2000001d   COMPRESSED   0x00000001   PAD
    0x2000001e   COMPRESSED   0x0000000c   Data   RW          552    .data               oled_driver.o
    0x2000002a   COMPRESSED   0x00000002   PAD
    0x2000002c   COMPRESSED   0x00000014   Data   RW          769    .data               oled_animation.o
    0x20000040   COMPRESSED   0x00000140   Data   RW          974    .data               oled_ui.o
    0x20000180   COMPRESSED   0x00000012   Data   RW         1220    .data               ds3231.o
    0x20000192   COMPRESSED   0x00000002   PAD
    0x20000194   COMPRESSED   0x00000038   Data   RW         2333    .data               main.o
    0x200001cc   COMPRESSED   0x00000058   Data   RW         2761    .data               usart.o
    0x20000224   COMPRESSED   0x00000002   Data   RW         2763    .data               usart.o
    0x20000226   COMPRESSED   0x00000002   PAD
    0x20000228   COMPRESSED   0x0000000c   Data   RW         4567    .data               stm32f4xx_hal.o
    0x20000234   COMPRESSED   0x00000004   Data   RW         6649    .data               system_stm32f4xx.o
    0x20000238   COMPRESSED   0x00000004   Data   RW         6854    .data               mc_w.l(rand.o)
    0x2000023c   COMPRESSED   0x00000004   Data   RW         7192    .data               mc_w.l(stdout.o)
    0x20000240   COMPRESSED   0x00000004   Data   RW         7204    .data               mc_w.l(errno.o)
    0x20000244        -       0x00000e58   Zero   RW          377    .bss                oled_fft.o
    0x2000109c        -       0x0000a000   Zero   RW          549    .bss                oled_driver.o
    0x2000b09c        -       0x0000072c   Zero   RW          768    .bss                oled_animation.o
    0x2000b7c8        -       0x000000d2   Zero   RW          971    .bss                oled_ui.o
    0x2000b89a        -       0x00000078   Zero   RW         1219    .bss                ds3231.o
    0x2000b912   COMPRESSED   0x00000002   PAD
    0x2000b914        -       0x000003c0   Zero   RW         2238    .bss                motion.o
    0x2000bcd4        -       0x00001014   Zero   RW         2330    .bss                main.o
    0x2000cce8        -       0x000000a8   Zero   RW         2537    .bss                adc.o
    0x2000cd90        -       0x000000b8   Zero   RW         2612    .bss                spi.o
    0x2000ce48        -       0x00000100   Zero   RW         2663    .bss                tim.o
    0x2000cf48        -       0x000000fa   Zero   RW         2755    .bss                usart.o
    0x2000d042   COMPRESSED   0x00000002   PAD
    0x2000d044        -       0x00000452   Zero   RW         2757    .bss                usart.o
    0x2000d496   COMPRESSED   0x00000002   PAD
    0x2000d498        -       0x00000020   Zero   RW         3680    .bss                stm32f4xx_hal_flash.o
    0x2000d4b8        -       0x00000400   Zero   RW            1    STACK               startup_stm32f401xc.o


==============================================================================

Image component sizes


      Code (inc. data)   RO Data    RW Data    ZI Data      Debug   Object Name

       248         28          0          0        168       1755   adc.o
      1502       1008          0          0          0        292   cr4_fft_256_stm32.o
        92          4          0          0          0        802   dma.o
      1234        380          0         18        120       7987   ds3231.o
       292         22          0          0          0       1031   gpio.o
       616         36          0          0          0       5169   i2c.o
      2250        282          4         56       4116      27132   main.o
       212         12          0          0        960       3464   motion.o
      6740        436          0         20       1836      19280   oled_animation.o
      3136        120      20135         13      40960      28922   oled_driver.o
      4542        194          0         24       3672      19755   oled_fft.o
      3130         14         16          3          0     464340   oled_gfx.o
      9008        952      47612        320        210      31838   oled_ui.o
       232         30          0          0        184       1750   spi.o
        36          8        404          0       1024        824   startup_stm32f401xc.o
       180         28          0         12          0       9217   stm32f4xx_hal.o
      1262         56          0          0          0     442824   stm32f4xx_hal_adc.o
       198         14          0          0          0      33895   stm32f4xx_hal_cortex.o
      1080         16          8          0          0       7298   stm32f4xx_hal_dma.o
       540         66          0          0         32       6526   stm32f4xx_hal_flash.o
       356         24          0          0          0       4142   stm32f4xx_hal_flash_ex.o
       448         40          0          0          0       3646   stm32f4xx_hal_gpio.o
        64          4          0          0          0        882   stm32f4xx_hal_msp.o
        56         10          0          0          0        644   stm32f4xx_hal_pwr.o
      1328         72          0          0          0       5196   stm32f4xx_hal_rcc.o
       778          8          0          0          0       5112   stm32f4xx_hal_spi.o
      1048         30          0          0          0      11701   stm32f4xx_hal_tim.o
       128         20          0          0          0       2441   stm32f4xx_hal_tim_ex.o
      1658         30          0          0          0      13931   stm32f4xx_hal_uart.o
       358         84          0          0          0       9692   stm32f4xx_it.o
       256         30          0          0          0       2703   stmflash.o
        84         18         24          4          0       1175   system_stm32f4xx.o
       560         56          0          0        256       3693   tim.o
      2812        376         16         90       1356      14746   usart.o

    ----------------------------------------------------------------------
     46518       4508      68252        568      54900    1193805   Object Totals
         0          0         32          0          0          0   (incl. Generated)
        54          0          1          8          6          0   (incl. Padding)

    ----------------------------------------------------------------------

      Code (inc. data)   RO Data    RW Data    ZI Data      Debug   Library Member Name

       336         56          0          0          0        136   cosf.o
        38          0          0          0          0        116   fpclassifyf.o
        38         12          0          0          0        348   funder.o
       340         24         32          0          0        160   rredf.o
       400         56          0          0          0        212   sinf.o
        58          0          0          0          0        136   sqrtf.o
        86          0          0          0          0          0   __dczerorl2.o
        32         10          0          0          0         80   cpp_init.o
         0          0          0          0          0          0   entry.o
         0          0          0          0          0          0   entry10a.o
         0          0          0          0          0          0   entry11a.o
         8          4          0          0          0          0   entry2.o
         4          0          0          0          0          0   entry5.o
         0          0          0          0          0          0   entry7b.o
         4          0          0          0          0          0   entry8a.o
         0          0          0          0          0          0   entry8b.o
         8          4          0          0          0          0   entry9a.o
        12          6          0          4          0         68   errno.o
        30          0          0          0          0          0   handlers.o
        36          8          0          0          0         68   init.o
         0          0          0          0          0          0   iusefp.o
        30          0          0          0          0         68   llshl.o
        36          0          0          0          0         68   llsshr.o
        32          0          0          0          0         68   llushr.o
        36          0          0          0          0        108   memseta.o
      2308         96          0          0          0        604   printfa.o
        36         10          0          4          0        136   rand.o
         0          0          0          4          0          0   stdout.o
        14          0          0          0          0         68   strlen.o
        44          0          0          0          0         80   uidiv.o
        98          0          0          0          0         92   uldiv.o
        48          0          0          0          0         68   cdcmple.o
        48          0          0          0          0         68   cdrcmple.o
        56          0          0          0          0         88   d2f.o
       334          0          0          0          0        148   dadd.o
       222          0          0          0          0        100   ddiv.o
       186          0          0          0          0        176   depilogue.o
        50          0          0          0          0         76   dfixui.o
        48          0          0          0          0         68   dfixul.o
        26          0          0          0          0         76   dfltui.o
       228          0          0          0          0         96   dmul.o
        38          0          0          0          0         68   f2d.o
       110          0          0          0          0        168   fepilogue.o

    ----------------------------------------------------------------------
      5470        286         32         12          0       3816   Library Totals
        12          0          0          0          0          0   (incl. Padding)

    ----------------------------------------------------------------------

      Code (inc. data)   RO Data    RW Data    ZI Data      Debug   Library Name

      1210        148         32          0          0       1108   m_wm.l
      2854        138          0         12          0       1508   mc_w.l
      1394          0          0          0          0       1200   mf_w.l

    ----------------------------------------------------------------------
      5470        286         32         12          0       3816   Library Totals

    ----------------------------------------------------------------------

==============================================================================


      Code (inc. data)   RO Data    RW Data    ZI Data      Debug   

     51988       4794      68284        580      54900    1167249   Grand Totals
     51988       4794      68284        120      54900    1167249   ELF Image Totals (compressed)
     51988       4794      68284        120          0          0   ROM Totals

==============================================================================

    Total RO  Size (Code + RO Data)               120272 ( 117.45kB)
    Total RW  Size (RW Data + ZI Data)             55480 (  54.18kB)
    Total ROM Size (Code + RO Data + RW Data)     120392 ( 117.57kB)

==============================================================================

